Component: ARM Compiler 5.06 update 6 (build 750) Tool: armlink [4d35ed]

==============================================================================

Section Cross References

    startup_stm32h750xx.o(RESET) refers to startup_stm32h750xx.o(STACK) for __initial_sp
    startup_stm32h750xx.o(RESET) refers to startup_stm32h750xx.o(.text) for Reset_Handler
    startup_stm32h750xx.o(RESET) refers to stm32h7xx_it.o(i.NMI_Handler) for NMI_Handler
    startup_stm32h750xx.o(RESET) refers to stm32h7xx_it.o(i.HardFault_Handler) for HardFault_Handler
    startup_stm32h750xx.o(RESET) refers to stm32h7xx_it.o(i.MemManage_Handler) for MemManage_Handler
    startup_stm32h750xx.o(RESET) refers to stm32h7xx_it.o(i.BusFault_Handler) for BusFault_Handler
    startup_stm32h750xx.o(RESET) refers to stm32h7xx_it.o(i.UsageFault_Handler) for UsageFault_Handler
    startup_stm32h750xx.o(RESET) refers to stm32h7xx_it.o(i.SVC_Handler) for SVC_Handler
    startup_stm32h750xx.o(RESET) refers to stm32h7xx_it.o(i.DebugMon_Handler) for DebugMon_Handler
    startup_stm32h750xx.o(RESET) refers to stm32h7xx_it.o(i.PendSV_Handler) for PendSV_Handler
    startup_stm32h750xx.o(RESET) refers to stm32h7xx_it.o(i.SysTick_Handler) for SysTick_Handler
    startup_stm32h750xx.o(RESET) refers to stm32h7xx_it.o(i.EXTI4_IRQHandler) for EXTI4_IRQHandler
    startup_stm32h750xx.o(RESET) refers to stm32h7xx_it.o(i.DMA1_Stream2_IRQHandler) for DMA1_Stream2_IRQHandler
    startup_stm32h750xx.o(RESET) refers to stm32h7xx_it.o(i.DMA1_Stream4_IRQHandler) for DMA1_Stream4_IRQHandler
    startup_stm32h750xx.o(RESET) refers to stm32h7xx_it.o(i.FMC_IRQHandler) for FMC_IRQHandler
    startup_stm32h750xx.o(RESET) refers to stm32h7xx_it.o(i.TIM5_IRQHandler) for TIM5_IRQHandler
    startup_stm32h750xx.o(RESET) refers to stm32h7xx_it.o(i.UART4_IRQHandler) for UART4_IRQHandler
    startup_stm32h750xx.o(RESET) refers to stm32h7xx_it.o(i.LTDC_IRQHandler) for LTDC_IRQHandler
    startup_stm32h750xx.o(RESET) refers to stm32h7xx_it.o(i.LTDC_ER_IRQHandler) for LTDC_ER_IRQHandler
    startup_stm32h750xx.o(RESET) refers to stm32h7xx_it.o(i.DMA2D_IRQHandler) for DMA2D_IRQHandler
    startup_stm32h750xx.o(.text) refers to system_stm32h7xx.o(i.SystemInit) for SystemInit
    startup_stm32h750xx.o(.text) refers to entry.o(.ARM.Collect$$$$00000000) for __main
    main.o(i.PeriphCommonClock_Config) refers to memseta.o(.text) for __aeabi_memclr4
    main.o(i.PeriphCommonClock_Config) refers to stm32h7xx_hal_rcc_ex.o(i.HAL_RCCEx_PeriphCLKConfig) for HAL_RCCEx_PeriphCLKConfig
    main.o(i.SystemClock_Config) refers to memseta.o(.text) for __aeabi_memclr4
    main.o(i.SystemClock_Config) refers to stm32h7xx_hal_pwr_ex.o(i.HAL_PWREx_ConfigSupply) for HAL_PWREx_ConfigSupply
    main.o(i.SystemClock_Config) refers to stm32h7xx_hal_rcc.o(i.HAL_RCC_OscConfig) for HAL_RCC_OscConfig
    main.o(i.SystemClock_Config) refers to stm32h7xx_hal_rcc.o(i.HAL_RCC_ClockConfig) for HAL_RCC_ClockConfig
    main.o(i.main) refers to stm32h7xx_hal_cortex.o(i.HAL_MPU_Disable) for HAL_MPU_Disable
    main.o(i.main) refers to stm32h7xx_hal_cortex.o(i.HAL_MPU_ConfigRegion) for HAL_MPU_ConfigRegion
    main.o(i.main) refers to stm32h7xx_hal_cortex.o(i.HAL_MPU_Enable) for HAL_MPU_Enable
    main.o(i.main) refers to stm32h7xx_hal.o(i.HAL_Init) for HAL_Init
    main.o(i.main) refers to main.o(i.SystemClock_Config) for SystemClock_Config
    main.o(i.main) refers to main.o(i.PeriphCommonClock_Config) for PeriphCommonClock_Config
    main.o(i.main) refers to gpio.o(i.MX_GPIO_Init) for MX_GPIO_Init
    main.o(i.main) refers to dma.o(i.MX_DMA_Init) for MX_DMA_Init
    main.o(i.main) refers to usart.o(i.MX_UART4_Init) for MX_UART4_Init
    main.o(i.main) refers to adc.o(i.MX_ADC3_Init) for MX_ADC3_Init
    main.o(i.main) refers to tim.o(i.MX_TIM3_Init) for MX_TIM3_Init
    main.o(i.main) refers to tim.o(i.MX_TIM5_Init) for MX_TIM5_Init
    main.o(i.main) refers to tim.o(i.MX_TIM6_Init) for MX_TIM6_Init
    main.o(i.main) refers to fmc.o(i.MX_FMC_Init) for MX_FMC_Init
    main.o(i.main) refers to dma2d.o(i.MX_DMA2D_Init) for MX_DMA2D_Init
    main.o(i.main) refers to ltdc.o(i.MX_LTDC_Init) for MX_LTDC_Init
    main.o(i.main) refers to spi.o(i.MX_SPI1_Init) for MX_SPI1_Init
    main.o(i.main) refers to crc.o(i.MX_CRC_Init) for MX_CRC_Init
    main.o(i.main) refers to app_tof.o(i.MX_TOF_Init) for MX_TOF_Init
    main.o(i.main) refers to app_tof.o(i.MX_TOF_Process) for MX_TOF_Process
    gpio.o(i.MX_GPIO_Init) refers to memseta.o(.text) for __aeabi_memclr4
    gpio.o(i.MX_GPIO_Init) refers to stm32h7xx_hal_gpio.o(i.HAL_GPIO_WritePin) for HAL_GPIO_WritePin
    gpio.o(i.MX_GPIO_Init) refers to stm32h7xx_hal_gpio.o(i.HAL_GPIO_Init) for HAL_GPIO_Init
    gpio.o(i.MX_GPIO_Init) refers to stm32h7xx_hal_cortex.o(i.HAL_NVIC_SetPriority) for HAL_NVIC_SetPriority
    gpio.o(i.MX_GPIO_Init) refers to stm32h7xx_hal_cortex.o(i.HAL_NVIC_EnableIRQ) for HAL_NVIC_EnableIRQ
[...]
    .data                                    0x24000020   Section       56  vl53l8cx.o(.data)
    .data                                    0x24000058   Section        4  53l8a1_ranging_sensor.o(.data)
    VL53L8A1_RANGING_SENSOR_Drv              0x24000058   Data           4  53l8a1_ranging_sensor.o(.data)
    .data                                    0x2400005c   Section        4  app_tof.o(.data)
    status                                   0x2400005c   Data           4  app_tof.o(.data)
    .data                                    0x24000060   Section        1  app_tof.o(.data)
    .data                                    0x24000064   Section        4  stdout.o(.data)
    .bss                                     0x24000068   Section      100  adc.o(.bss)
    .bss                                     0x240000cc   Section       36  crc.o(.bss)
    .bss                                     0x240000f0   Section      104  dma2d.o(.bss)
    .bss                                     0x24000158   Section       52  fmc.o(.bss)
    .bss                                     0x2400018c   Section      168  ltdc.o(.bss)
    .bss                                     0x24000234   Section      136  spi.o(.bss)
    .bss                                     0x240002bc   Section      228  tim.o(.bss)
    .bss                                     0x240003a0   Section      388  usart.o(.bss)
    .bss                                     0x24000524   Section       84  custom_bus.o(.bss)
    .bss                                     0x24000578   Section     1744  vl53l8cx.o(.bss)
    thresholds                               0x24000578   Data         768  vl53l8cx.o(.bss)
    data                                     0x24000878   Data         976  vl53l8cx.o(.bss)
    .bss                                     0x24000c48   Section     7204  53l8a1_ranging_sensor.o(.bss)
    VL53L8CXObj                              0x24000c54   Data        7176  53l8a1_ranging_sensor.o(.bss)
    VL53L8A1_RANGING_SENSOR_Cap              0x2400285c   Data          16  53l8a1_ranging_sensor.o(.bss)
    .bss                                     0x2400286c   Section     1320  app_tof.o(.bss)
    Cap                                      0x2400286c   Data          16  app_tof.o(.bss)
    Profile                                  0x2400287c   Data          20  app_tof.o(.bss)
    Result                                   0x24002890   Data        1284  app_tof.o(.bss)
    STACK                                    0x24002d98   Section     4096  startup_stm32h750xx.o(STACK)

    Global Symbols

    Symbol Name                              Value     Ov Type        Size  Object(Section)

    BuildAttributes$$THM_ISAv4$E$P$D$K$B$S$7EM$VFPv5_D16$PE$PLD8$A:L22UL41UL21$X:L11$S22US41US21$IEEE1$IW$USESV6$~STKCKD$USESV7$~SHL$OSPACE$ROPI$EBA8$MICROLIB$REQ8$PRES8$EABIv2 0x00000000   Number         0  anon$$obj.o ABSOLUTE
    __ARM_use_no_argv                        0x00000000   Number         0  main.o ABSOLUTE
    _printf_a                                0x00000000   Number         0  stubs.o ABSOLUTE
    _printf_c                                0x00000000   Number         0  stubs.o ABSOLUTE
    _printf_charcount                        0x00000000   Number         0  stubs.o ABSOLUTE
    _printf_d                                0x00000000   Number         0  stubs.o ABSOLUTE
    _printf_e                                0x00000000   Number         0  stubs.o ABSOLUTE
    _printf_f                                0x00000000   Number         0  stubs.o ABSOLUTE
    _printf_flags                            0x00000000   Number         0  stubs.o ABSOLUTE
    _printf_fp_dec                           0x00000000   Number         0  stubs.o ABSOLUTE
    _printf_fp_hex                           0x00000000   Number         0  stubs.o ABSOLUTE
    _printf_g                                0x00000000   Number         0  stubs.o ABSOLUTE
    _printf_i                                0x00000000   Number         0  stubs.o ABSOLUTE
    _printf_int_dec                          0x00000000   Number         0  stubs.o ABSOLUTE
    _printf_l                                0x00000000   Number         0  stubs.o ABSOLUTE
    _printf_lc                               0x00000000   Number         0  stubs.o ABSOLUTE
    _printf_ll                               0x00000000   Number         0  stubs.o ABSOLUTE
    _printf_lld                              0x00000000   Number         0  stubs.o ABSOLUTE
    _printf_lli                              0x00000000   Number         0  stubs.o ABSOLUTE
    _printf_llo                              0x00000000   Number         0  stubs.o ABSOLUTE
    _printf_llu                              0x00000000   Number         0  stubs.o ABSOLUTE
    _printf_llx                              0x00000000   Number         0  stubs.o ABSOLUTE
    _printf_longlong_dec                     0x00000000   Number         0  stubs.o ABSOLUTE
    _printf_longlong_hex                     0x00000000   Number         0  stubs.o ABSOLUTE
    _printf_longlong_oct                     0x00000000   Number         0  stubs.o ABSOLUTE
    _printf_ls                               0x00000000   Number         0  stubs.o ABSOLUTE
    _printf_mbtowc                           0x00000000   Number         0  stubs.o ABSOLUTE
    _printf_n                                0x00000000   Number         0  stubs.o ABSOLUTE
    _printf_o                                0x00000000   Number         0  stubs.o ABSOLUTE
    _printf_p                                0x00000000   Number         0  stubs.o ABSOLUTE
    _printf_percent                          0x00000000   Number         0  stubs.o ABSOLUTE
    _printf_pre_padding                      0x00000000   Number         0  stubs.o ABSOLUTE
    _printf_return_value                     0x00000000   Number         0  stubs.o ABSOLUTE
    _printf_s                                0x00000000   Number         0  stubs.o ABSOLUTE
    _printf_sizespec                         0x00000000   Number         0  stubs.o ABSOLUTE
    _printf_str                              0x00000000   Number         0  stubs.o ABSOLUTE
    _printf_truncate_signed                  0x00000000   Number         0  stubs.o ABSOLUTE
    _printf_truncate_unsigned                0x00000000   Number         0  stubs.o ABSOLUTE
    _printf_u                                0x00000000   Number         0  stubs.o ABSOLUTE
    _printf_wc                               0x00000000   Number         0  stubs.o ABSOLUTE
    _printf_wctomb                           0x00000000   Number         0  stubs.o ABSOLUTE
    _printf_widthprec                        0x00000000   Number         0  stubs.o ABSOLUTE
    _printf_x                                0x00000000   Number         0  stubs.o ABSOLUTE
    __cpp_initialize__aeabi_                  - Undefined Weak Reference
    __cxa_finalize                            - Undefined Weak Reference
    __decompress                              - Undefined Weak Reference
    _clock_init                               - Undefined Weak Reference
    _microlib_exit                            - Undefined Weak Reference
    _scanf_longlong                           - Undefined Weak Reference
    _scanf_real                               - Undefined Weak Reference
    _scanf_string                             - Undefined Weak Reference
    __Vectors_Size                           0x00000298   Number         0  startup_stm32h750xx.o ABSOLUTE
    __Vectors                                0x08000000   Data           4  startup_stm32h750xx.o(RESET)
    __Vectors_End                            0x08000298   Data           0  startup_stm32h750xx.o(RESET)
    __main                                   0x08000299   Thumb Code     0  entry.o(.ARM.Collect$$$$00000000)
    _main_stk                                0x08000299   Thumb Code     0  entry2.o(.ARM.Collect$$$$00000001)
    _main_scatterload                        0x0800029d   Thumb Code     0  entry5.o(.ARM.Collect$$$$00000004)
    __main_after_scatterload                 0x080002a1   Thumb Code     0  entry5.o(.ARM.Collect$$$$00000004)
    _main_clock                              0x080002a1   Thumb Code     0  entry7b.o(.ARM.Collect$$$$00000008)
    _main_cpp_init                           0x080002a1   Thumb Code     0  entry8b.o(.ARM.Collect$$$$0000000A)
    _main_init                               0x080002a1   Thumb Code     0  entry9a.o(.ARM.Collect$$$$0000000B)
    __rt_final_cpp                           0x080002a9   Thumb Code     0  entry10a.o(.ARM.Collect$$$$0000000D)
    __rt_final_exit                          0x080002a9   Thumb Code     0  entry11a.o(.ARM.Collect$$$$0000000F)
    Reset_Handler                            0x080002ad   Thumb Code     8  startup_stm32h750xx.o(.text)
    ADC3_IRQHandler                          0x080002c7   Thumb Code     0  startup_stm32h750xx.o(.text)
    ADC_IRQHandler                           0x080002c7   Thumb Code     0  startup_stm32h750xx.o(.text)
    BDMA_Channel0_IRQHandler                 0x080002c7   Thumb Code     0  startup_stm32h750xx.o(.text)
    BDMA_Channel1_IRQHandler                 0x080002c7   Thumb Code     0  startup_stm32h750xx.o(.text)
    BDMA_Channel2_IRQHandler                 0x080002c7   Thumb Code     0  startup_stm32h750xx.o(.text)
    BDMA_Channel3_IRQHandler                 0x080002c7   Thumb Code     0  startup_stm32h750xx.o(.text)
    BDMA_Channel4_IRQHandler                 0x080002c7   Thumb Code     0  startup_stm32h750xx.o(.text)
    BDMA_Channel5_IRQHandler                 0x080002c7   Thumb Code     0  startup_stm32h750xx.o(.text)
    BDMA_Channel6_IRQHandler                 0x080002c7   Thumb Code     0  startup_stm32h750xx.o(.text)
    BDMA_Channel7_IRQHandler                 0x080002c7   Thumb Code     0  startup_stm32h750xx.o(.text)
    CEC_IRQHandler                           0x080002c7   Thumb Code     0  startup_stm32h750xx.o(.text)
    COMP1_IRQHandler                         0x080002c7   Thumb Code     0  startup_stm32h750xx.o(.text)
    CRS_IRQHandler                           0x080002c7   Thumb Code     0  startup_stm32h750xx.o(.text)
    CRYP_IRQHandler                          0x080002c7   Thumb Code     0  startup_stm32h750xx.o(.text)
    DCMI_IRQHandler                          0x080002c7   Thumb Code     0  startup_stm32h750xx.o(.text)
    DFSDM1_FLT0_IRQHandler                   0x080002c7   Thumb Code     0  startup_stm32h750xx.o(.text)
    DFSDM1_FLT1_IRQHandler                   0x080002c7   Thumb Code     0  startup_stm32h750xx.o(.text)
    DFSDM1_FLT2_IRQHandler                   0x080002c7   Thumb Code     0  startup_stm32h750xx.o(.text)
    DFSDM1_FLT3_IRQHandler                   0x080002c7   Thumb Code     0  startup_stm32h750xx.o(.text)
    DMA1_Stream0_IRQHandler                  0x080002c7   Thumb Code     0  startup_stm32h750xx.o(.text)
    DMA1_Stream1_IRQHandler                  0x080002c7   Thumb Code     0  startup_stm32h750xx.o(.text)
    DMA1_Stream3_IRQHandler                  0x080002c7   Thumb Code     0  startup_stm32h750xx.o(.text)
    DMA1_Stream5_IRQHandler                  0x080002c7   Thumb Code     0  startup_stm32h750xx.o(.text)
    DMA1_Stream6_IRQHandler                  0x080002c7   Thumb Code     0  startup_stm32h750xx.o(.text)
    DMA1_Stream7_IRQHandler                  0x080002c7   Thumb Code     0  startup_stm32h750xx.o(.text)
    DMA2_Stream0_IRQHandler                  0x080002c7   Thumb Code     0  startup_stm32h750xx.o(.text)
    DMA2_Stream1_IRQHandler                  0x080002c7   Thumb Code     0  startup_stm32h750xx.o(.text)
    DMA2_Stream2_IRQHandler                  0x080002c7   Thumb Code     0  startup_stm32h750xx.o(.text)
    DMA2_Stream3_IRQHandler                  0x080002c7   Thumb Code     0  startup_stm32h750xx.o(.text)
    DMA2_Stream4_IRQHandler                  0x080002c7   Thumb Code     0  startup_stm32h750xx.o(.text)
    DMA2_Stream5_IRQHandler                  0x080002c7   Thumb Code     0  startup_stm32h750xx.o(.text)
    DMA2_Stream6_IRQHandler                  0x080002c7   Thumb Code     0  startup_stm32h750xx.o(.text)
    DMA2_Stream7_IRQHandler                  0x080002c7   Thumb Code     0  startup_stm32h750xx.o(.text)
    DMAMUX1_OVR_IRQHandler                   0x080002c7   Thumb Code     0  startup_stm32h750xx.o(.text)
    DMAMUX2_OVR_IRQHandler                   0x080002c7   Thumb Code     0  startup_stm32h750xx.o(.text)
    ECC_IRQHandler                           0x080002c7   Thumb Code     0  startup_stm32h750xx.o(.text)
    ETH_IRQHandler                           0x080002c7   Thumb Code     0  startup_stm32h750xx.o(.text)
    ETH_WKUP_IRQHandler                      0x080002c7   Thumb Code     0  startup_stm32h750xx.o(.text)
    EXTI0_IRQHandler                         0x080002c7   Thumb Code     0  startup_stm32h750xx.o(.text)
    EXTI15_10_IRQHandler                     0x080002c7   Thumb Code     0  startup_stm32h750xx.o(.text)
    EXTI1_IRQHandler                         0x080002c7   Thumb Code     0  startup_stm32h750xx.o(.text)
    EXTI2_IRQHandler                         0x080002c7   Thumb Code     0  startup_stm32h750xx.o(.text)
    EXTI3_IRQHandler                         0x080002c7   Thumb Code     0  startup_stm32h750xx.o(.text)
    EXTI9_5_IRQHandler                       0x080002c7   Thumb Code     0  startup_stm32h750xx.o(.text)
    FDCAN1_IT0_IRQHandler                    0x080002c7   Thumb Code     0  startup_stm32h750xx.o(.text)
    FDCAN1_IT1_IRQHandler                    0x080002c7   Thumb Code     0  startup_stm32h750xx.o(.text)
    FDCAN2_IT0_IRQHandler                    0x080002c7   Thumb Code     0  startup_stm32h750xx.o(.text)
    FDCAN2_IT1_IRQHandler                    0x080002c7   Thumb Code     0  startup_stm32h750xx.o(.text)
    FDCAN_CAL_IRQHandler                     0x080002c7   Thumb Code     0  startup_stm32h750xx.o(.text)
    FLASH_IRQHandler                         0x080002c7   Thumb Code     0  startup_stm32h750xx.o(.text)
    FPU_IRQHandler                           0x080002c7   Thumb Code     0  startup_stm32h750xx.o(.text)
    HASH_RNG_IRQHandler                      0x080002c7   Thumb Code     0  startup_stm32h750xx.o(.text)
    HRTIM1_FLT_IRQHandler                    0x080002c7   Thumb Code     0  startup_stm32h750xx.o(.text)
    HRTIM1_Master_IRQHandler                 0x080002c7   Thumb Code     0  startup_stm32h750xx.o(.text)
    HRTIM1_TIMA_IRQHandler                   0x080002c7   Thumb Code     0  startup_stm32h750xx.o(.text)
    HRTIM1_TIMB_IRQHandler                   0x080002c7   Thumb Code     0  startup_stm32h750xx.o(.text)
    HRTIM1_TIMC_IRQHandler                   0x080002c7   Thumb Code     0  startup_stm32h750xx.o(.text)
    HRTIM1_TIMD_IRQHandler                   0x080002c7   Thumb Code     0  startup_stm32h750xx.o(.text)
    HRTIM1_TIME_IRQHandler                   0x080002c7   Thumb Code     0  startup_stm32h750xx.o(.text)
    HSEM1_IRQHandler                         0x080002c7   Thumb Code     0  startup_stm32h750xx.o(.text)
    I2C1_ER_IRQHandler                       0x080002c7   Thumb Code     0  startup_stm32h750xx.o(.text)
    I2C1_EV_IRQHandler                       0x080002c7   Thumb Code     0  startup_stm32h750xx.o(.text)
    I2C2_ER_IRQHandler                       0x080002c7   Thumb Code     0  startup_stm32h750xx.o(.text)
    I2C2_EV_IRQHandler                       0x080002c7   Thumb Code     0  startup_stm32h750xx.o(.text)
    I2C3_ER_IRQHandler                       0x080002c7   Thumb Code     0  startup_stm32h750xx.o(.text)
    I2C3_EV_IRQHandler                       0x080002c7   Thumb Code     0  startup_stm32h750xx.o(.text)
    I2C4_ER_IRQHandler                       0x080002c7   Thumb Code     0  startup_stm32h750xx.o(.text)
    I2C4_EV_IRQHandler                       0x080002c7   Thumb Code     0  startup_stm32h750xx.o(.text)
    JPEG_IRQHandler                          0x080002c7   Thumb Code     0  startup_stm32h750xx.o(.text)
    LPTIM1_IRQHandler                        0x080002c7   Thumb Code     0  startup_stm32h750xx.o(.text)
    LPTIM2_IRQHandler                        0x080002c7   Thumb Code     0  startup_stm32h750xx.o(.text)
    LPTIM3_IRQHandler                        0x080002c7   Thumb Code     0  startup_stm32h750xx.o(.text)
    LPTIM4_IRQHandler                        0x080002c7   Thumb Code     0  startup_stm32h750xx.o(.text)
    LPTIM5_IRQHandler                        0x080002c7   Thumb Code     0  startup_stm32h750xx.o(.text)
    LPUART1_IRQHandler                       0x080002c7   Thumb Code     0  startup_stm32h750xx.o(.text)
    MDIOS_IRQHandler                         0x080002c7   Thumb Code     0  startup_stm32h750xx.o(.text)
    MDIOS_WKUP_IRQHandler                    0x080002c7   Thumb Code     0  startup_stm32h750xx.o(.text)
    MDMA_IRQHandler                          0x080002c7   Thumb Code     0  startup_stm32h750xx.o(.text)
    OTG_FS_EP1_IN_IRQHandler                 0x080002c7   Thumb Code     0  startup_stm32h750xx.o(.text)
    OTG_FS_EP1_OUT_IRQHandler                0x080002c7   Thumb Code     0  startup_stm32h750xx.o(.text)
    OTG_FS_IRQHandler                        0x080002c7   Thumb Code     0  startup_stm32h750xx.o(.text)
    OTG_FS_WKUP_IRQHandler                   0x080002c7   Thumb Code     0  startup_stm32h750xx.o(.text)
    OTG_HS_EP1_IN_IRQHandler                 0x080002c7   Thumb Code     0  startup_stm32h750xx.o(.text)
    OTG_HS_EP1_OUT_IRQHandler                0x080002c7   Thumb Code     0  startup_stm32h750xx.o(.text)
    OTG_HS_IRQHandler                        0x080002c7   Thumb Code     0  startup_stm32h750xx.o(.text)
    OTG_HS_WKUP_IRQHandler                   0x080002c7   Thumb Code     0  startup_stm32h750xx.o(.text)
    PVD_AVD_IRQHandler                       0x080002c7   Thumb Code     0  startup_stm32h750xx.o(.text)
    QUADSPI_IRQHandler                       0x080002c7   Thumb Code     0  startup_stm32h750xx.o(.text)
    RCC_IRQHandler                           0x080002c7   Thumb Code     0  startup_stm32h750xx.o(.text)
    RTC_Alarm_IRQHandler                     0x080002c7   Thumb Code     0  startup_stm32h750xx.o(.text)
    RTC_WKUP_IRQHandler                      0x080002c7   Thumb Code     0  startup_stm32h750xx.o(.text)
    SAI1_IRQHandler                          0x080002c7   Thumb Code     0  startup_stm32h750xx.o(.text)
    SAI2_IRQHandler                          0x080002c7   Thumb Code     0  startup_stm32h750xx.o(.text)
    SAI3_IRQHandler                          0x080002c7   Thumb Code     0  startup_stm32h750xx.o(.text)
    SAI4_IRQHandler                          0x080002c7   Thumb Code     0  startup_stm32h750xx.o(.text)
    SDMMC1_IRQHandler                        0x080002c7   Thumb Code     0  startup_stm32h750xx.o(.text)
    SDMMC2_IRQHandler                        0x080002c7   Thumb Code     0  startup_stm32h750xx.o(.text)
    SPDIF_RX_IRQHandler                      0x080002c7   Thumb Code     0  startup_stm32h750xx.o(.text)
    SPI1_IRQHandler                          0x080002c7   Thumb Code     0  startup_stm32h750xx.o(.text)
    SPI2_IRQHandler                          0x080002c7   Thumb Code     0  startup_stm32h750xx.o(.text)
    SPI3_IRQHandler                          0x080002c7   Thumb Code     0  startup_stm32h750xx.o(.text)
    SPI4_IRQHandler                          0x080002c7   Thumb Code     0  startup_stm32h750xx.o(.text)
    SPI5_IRQHandler                          0x080002c7   Thumb Code     0  startup_stm32h750xx.o(.text)
    SPI6_IRQHandler                          0x080002c7   Thumb Code     0  startup_stm32h750xx.o(.text)
    SWPMI1_IRQHandler                        0x080002c7   Thumb Code     0  startup_stm32h750xx.o(.text)
    TAMP_STAMP_IRQHandler                    0x080002c7   Thumb Code     0  startup_stm32h750xx.o(.text)
    TIM15_IRQHandler                         0x080002c7   Thumb Code     0  startup_stm32h750xx.o(.text)
    TIM16_IRQHandler                         0x080002c7   Thumb Code     0  startup_stm32h750xx.o(.text)
    TIM17_IRQHandler                         0x080002c7   Thumb Code     0  startup_stm32h750xx.o(.text)
    TIM1_BRK_IRQHandler                      0x080002c7   Thumb Code     0  startup_stm32h750xx.o(.text)
    TIM1_CC_IRQHandler                       0x080002c7   Thumb Code     0  startup_stm32h750xx.o(.text)
    TIM1_TRG_COM_IRQHandler                  0x080002c7   Thumb Code     0  startup_stm32h750xx.o(.text)
    TIM1_UP_IRQHandler                       0x080002c7   Thumb Code     0  startup_stm32h750xx.o(.text)
    TIM2_IRQHandler                          0x080002c7   Thumb Code     0  startup_stm32h750xx.o(.text)
    TIM3_IRQHandler                          0x080002c7   Thumb Code     0  startup_stm32h750xx.o(.text)
    TIM4_IRQHandler                          0x080002c7   Thumb Code     0  startup_stm32h750xx.o(.text)
    TIM6_DAC_IRQHandler                      0x080002c7   Thumb Code     0  startup_stm32h750xx.o(.text)
    TIM7_IRQHandler                          0x080002c7   Thumb Code     0  startup_stm32h750xx.o(.text)
    TIM8_BRK_TIM12_IRQHandler                0x080002c7   Thumb Code     0  startup_stm32h750xx.o(.text)
    TIM8_CC_IRQHandler                       0x080002c7   Thumb Code     0  startup_stm32h750xx.o(.text)
    TIM8_TRG_COM_TIM14_IRQHandler            0x080002c7   Thumb Code     0  startup_stm32h750xx.o(.text)
    TIM8_UP_TIM13_IRQHandler                 0x080002c7   Thumb Code     0  startup_stm32h750xx.o(.text)
    UART5_IRQHandler                         0x080002c7   Thumb Code     0  startup_stm32h750xx.o(.text)
    UART7_IRQHandler                         0x080002c7   Thumb Code     0  startup_stm32h750xx.o(.text)
    UART8_IRQHandler                         0x080002c7   Thumb Code     0  startup_stm32h750xx.o(.text)
    USART1_IRQHandler                        0x080002c7   Thumb Code     0  startup_stm32h750xx.o(.text)
    USART2_IRQHandler                        0x080002c7   Thumb Code     0  startup_stm32h750xx.o(.text)
    USART3_IRQHandler                        0x080002c7   Thumb Code     0  startup_stm32h750xx.o(.text)
    USART6_IRQHandler                        0x080002c7   Thumb Code     0  startup_stm32h750xx.o(.text)
    WAKEUP_PIN_IRQHandler                    0x080002c7   Thumb Code     0  startup_stm32h750xx.o(.text)
    WWDG_IRQHandler                          0x080002c7   Thumb Code     0  startup_stm32h750xx.o(.text)
    __aeabi_uldivmod                         0x080002d1   Thumb Code    98  uldiv.o(.text)
    ___aeabi_memcpy8$move                    0x08000333   Thumb Code     0  memmovea.o(.text)
    __aeabi_memcpy                           0x08000333   Thumb Code    64  memmovea.o(.text)
    __aeabi_memcpy4                          0x08000333   Thumb Code     0  memmovea.o(.text)
    __aeabi_memmove                          0x08000333   Thumb Code     0  memmovea.o(.text)
    __aeabi_memmove4                         0x08000333   Thumb Code     0  memmovea.o(.text)
    __aeabi_memmove8                         0x08000333   Thumb Code     0  memmovea.o(.text)
    __aeabi_memset                           0x08000373   Thumb Code    14  memseta.o(.text)
    __aeabi_memset4                          0x08000373   Thumb Code     0  memseta.o(.text)
    __aeabi_memset8                          0x08000373   Thumb Code     0  memseta.o(.text)
    __aeabi_memclr                           0x08000381   Thumb Code     4  memseta.o(.text)
    __aeabi_memclr4                          0x08000381   Thumb Code     0  memseta.o(.text)
    __aeabi_memclr8                          0x08000381   Thumb Code     0  memseta.o(.text)
    _memset$wrapper                          0x08000385   Thumb Code    18  memseta.o(.text)
    __aeabi_llsl                             0x08000397   Thumb Code    30  llshl.o(.text)
    _ll_shift_l                              0x08000397   Thumb Code     0  llshl.o(.text)
    __aeabi_llsr                             0x080003b5   Thumb Code    32  llushr.o(.text)
    _ll_ushift_r                             0x080003b5   Thumb Code     0  llushr.o(.text)
    __scatterload                            0x080003d5   Thumb Code    28  init.o(.text)
    __scatterload_rt2                        0x080003d5   Thumb Code     0  init.o(.text)
    ADC_ConfigureBoostMode                   0x080003f9   Thumb Code   236  stm32h7xx_hal_adc.o(i.ADC_ConfigureBoostMode)
    BSP_GetTick                              0x08000501   Thumb Code     4  custom_bus.o(i.BSP_GetTick)
    BSP_I2C4_DeInit                          0x08000505   Thumb Code    64  custom_bus.o(i.BSP_I2C4_DeInit)
    BSP_I2C4_Init                            0x08000555   Thumb Code    64  custom_bus.o(i.BSP_I2C4_Init)
    BSP_I2C4_ReadReg16                       0x080005a1   Thumb Code    50  custom_bus.o(i.BSP_I2C4_ReadReg16)
    BSP_I2C4_WriteReg16                      0x080005d9   Thumb Code    48  custom_bus.o(i.BSP_I2C4_WriteReg16)
    BusFault_Handler                         0x0800060d   Thumb Code     2  stm32h7xx_it.o(i.BusFault_Handler)
    DMA1_Stream2_IRQHandler                  0x08000611   Thumb Code     6  stm32h7xx_it.o(i.DMA1_Stream2_IRQHandler)
    DMA1_Stream4_IRQHandler                  0x0800061d   Thumb Code     6  stm32h7xx_it.o(i.DMA1_Stream4_IRQHandler)
    DMA2D_IRQHandler                         0x08000629   Thumb Code     6  stm32h7xx_it.o(i.DMA2D_IRQHandler)
    DebugMon_Handler                         0x0800084d   Thumb Code     2  stm32h7xx_it.o(i.DebugMon_Handler)
    EXTI4_IRQHandler                         0x0800084f   Thumb Code     6  stm32h7xx_it.o(i.EXTI4_IRQHandler)
    Error_Handler                            0x08000855   Thumb Code     4  main.o(i.Error_Handler)
    FMC_IRQHandler                           0x08000859   Thumb Code     6  stm32h7xx_it.o(i.FMC_IRQHandler)
    FMC_SDRAM_Init                           0x08000865   Thumb Code   106  stm32h7xx_ll_fmc.o(i.FMC_SDRAM_Init)
    FMC_SDRAM_Timing_Init                    0x080008d1   Thumb Code   164  stm32h7xx_ll_fmc.o(i.FMC_SDRAM_Timing_Init)
    HAL_ADC_ConfigChannel                    0x08000981   Thumb Code   928  stm32h7xx_hal_adc.o(i.HAL_ADC_ConfigChannel)
    HAL_ADC_Init                             0x08000d59   Thumb Code   498  stm32h7xx_hal_adc.o(i.HAL_ADC_Init)
    HAL_ADC_MspInit                          0x08000f81   Thumb Code    60  adc.o(i.HAL_ADC_MspInit)
    HAL_CRCEx_Polynomial_Set                 0x08000fc5   Thumb Code    84  stm32h7xx_hal_crc_ex.o(i.HAL_CRCEx_Polynomial_Set)
    HAL_CRC_Init                             0x08001019   Thumb Code   114  stm32h7xx_hal_crc.o(i.HAL_CRC_Init)
    HAL_CRC_MspInit                          0x08001091   Thumb Code    30  crc.o(i.HAL_CRC_MspInit)
    HAL_DMA2D_CLUTLoadingCpltCallback        0x080010b9   Thumb Code     2  stm32h7xx_hal_dma2d.o(i.HAL_DMA2D_CLUTLoadingCpltCallback)
    HAL_DMA2D_ConfigLayer                    0x080010bd   Thumb Code   190  stm32h7xx_hal_dma2d.o(i.HAL_DMA2D_ConfigLayer)
    HAL_DMA2D_IRQHandler                     0x08001185   Thumb Code   284  stm32h7xx_hal_dma2d.o(i.HAL_DMA2D_IRQHandler)
    HAL_DMA2D_Init                           0x080012a1   Thumb Code   130  stm32h7xx_hal_dma2d.o(i.HAL_DMA2D_Init)
    HAL_DMA2D_LineEventCallback              0x08001329   Thumb Code     2  stm32h7xx_hal_dma2d.o(i.HAL_DMA2D_LineEventCallback)
    HAL_DMA2D_MspInit                        0x0800132d   Thumb Code    50  dma2d.o(i.HAL_DMA2D_MspInit)
    HAL_DMA_Abort                            0x08001369   Thumb Code   836  stm32h7xx_hal_dma.o(i.HAL_DMA_Abort)
    HAL_DMA_Abort_IT                         0x080016c9   Thumb Code   602  stm32h7xx_hal_dma.o(i.HAL_DMA_Abort_IT)
    HAL_DMA_IRQHandler                       0x0800194d   Thumb Code  1756  stm32h7xx_hal_dma.o(i.HAL_DMA_IRQHandler)
    HAL_DMA_Init                             0x08002035   Thumb Code   926  stm32h7xx_hal_dma.o(i.HAL_DMA_Init)
    HAL_Delay                                0x080023f9   Thumb Code    32  stm32h7xx_hal.o(i.HAL_Delay)
    HAL_GPIO_DeInit                          0x080024f9   Thumb Code   324  stm32h7xx_hal_gpio.o(i.HAL_GPIO_DeInit)
    HAL_GPIO_EXTI_Callback                   0x08002669   Thumb Code    12  app_tof_pin_conf.o(i.HAL_GPIO_EXTI_Callback)
    HAL_GPIO_EXTI_IRQHandler                 0x08002679   Thumb Code    24  stm32h7xx_hal_gpio.o(i.HAL_GPIO_EXTI_IRQHandler)
    HAL_GPIO_Init                            0x08002691   Thumb Code   506  stm32h7xx_hal_gpio.o(i.HAL_GPIO_Init)
    HAL_GPIO_WritePin                        0x080028bd   Thumb Code    10  stm32h7xx_hal_gpio.o(i.HAL_GPIO_WritePin)
    HAL_GetREVID                             0x080028c9   Thumb Code     8  stm32h7xx_hal.o(i.HAL_GetREVID)
    HAL_GetTick                              0x080028d5   Thumb Code     6  stm32h7xx_hal.o(i.HAL_GetTick)
    HAL_I2CEx_ConfigAnalogFilter             0x080028e1   Thumb Code    88  stm32h7xx_hal_i2c_ex.o(i.HAL_I2CEx_ConfigAnalogFilter)
    HAL_I2CEx_ConfigDigitalFilter            0x08002939   Thumb Code    84  stm32h7xx_hal_i2c_ex.o(i.HAL_I2CEx_ConfigDigitalFilter)
    HAL_I2C_DeInit                           0x0800298d   Thumb Code    52  stm32h7xx_hal_i2c.o(i.HAL_I2C_DeInit)
    HAL_I2C_GetError                         0x080029c1   Thumb Code     4  stm32h7xx_hal_i2c.o(i.HAL_I2C_GetError)
    HAL_I2C_GetState                         0x080029c5   Thumb Code     6  stm32h7xx_hal_i2c.o(i.HAL_I2C_GetState)
    HAL_I2C_Init                             0x080029cd   Thumb Code   180  stm32h7xx_hal_i2c.o(i.HAL_I2C_Init)
    HAL_I2C_Mem_Read                         0x08002a85   Thumb Code   346  stm32h7xx_hal_i2c.o(i.HAL_I2C_Mem_Read)
    HAL_I2C_Mem_Write                        0x08002be9   Thumb Code   340  stm32h7xx_hal_i2c.o(i.HAL_I2C_Mem_Write)
    HAL_I2C_MspDeInit                        0x08002d41   Thumb Code     2  stm32h7xx_hal_i2c.o(i.HAL_I2C_MspDeInit)
    HAL_I2C_MspInit                          0x08002d43   Thumb Code     2  stm32h7xx_hal_i2c.o(i.HAL_I2C_MspInit)
    HAL_IncTick                              0x08002d45   Thumb Code    12  stm32h7xx_hal.o(i.HAL_IncTick)
    HAL_Init                                 0x08002d55   Thumb Code    74  stm32h7xx_hal.o(i.HAL_Init)
    HAL_InitTick                             0x08002db1   Thumb Code    56  stm32h7xx_hal.o(i.HAL_InitTick)
    HAL_LTDC_ConfigLayer                     0x08002df1   Thumb Code    82  stm32h7xx_hal_ltdc.o(i.HAL_LTDC_ConfigLayer)
    HAL_LTDC_ErrorCallback                   0x08002e43   Thumb Code     2  stm32h7xx_hal_ltdc.o(i.HAL_LTDC_ErrorCallback)
    HAL_LTDC_IRQHandler                      0x08002e45   Thumb Code   200  stm32h7xx_hal_ltdc.o(i.HAL_LTDC_IRQHandler)
    HAL_LTDC_Init                            0x08002f0d   Thumb Code   242  stm32h7xx_hal_ltdc.o(i.HAL_LTDC_Init)
    HAL_LTDC_LineEventCallback               0x08003005   Thumb Code     2  stm32h7xx_hal_ltdc.o(i.HAL_LTDC_LineEventCallback)
    HAL_LTDC_MspInit                         0x08003009   Thumb Code   228  ltdc.o(i.HAL_LTDC_MspInit)
    HAL_LTDC_ReloadEventCallback             0x08003101   Thumb Code     2  stm32h7xx_hal_ltdc.o(i.HAL_LTDC_ReloadEventCallback)
    HAL_MPU_ConfigRegion                     0x08003105   Thumb Code    86  stm32h7xx_hal_cortex.o(i.HAL_MPU_ConfigRegion)
    HAL_MPU_Disable                          0x08003161   Thumb Code    24  stm32h7xx_hal_cortex.o(i.HAL_MPU_Disable)
    HAL_MPU_Enable                           0x0800317d   Thumb Code    30  stm32h7xx_hal_cortex.o(i.HAL_MPU_Enable)
    HAL_MspInit                              0x080031a1   Thumb Code    22  stm32h7xx_hal_msp.o(i.HAL_MspInit)
    HAL_NVIC_EnableIRQ                       0x080031bd   Thumb Code    26  stm32h7xx_hal_cortex.o(i.HAL_NVIC_EnableIRQ)
    HAL_NVIC_SetPriority                     0x080031d9   Thumb Code    60  stm32h7xx_hal_cortex.o(i.HAL_NVIC_SetPriority)
    HAL_NVIC_SetPriorityGrouping             0x08003219   Thumb Code    28  stm32h7xx_hal_cortex.o(i.HAL_NVIC_SetPriorityGrouping)
    HAL_PWREx_ConfigSupply                   0x0800323d   Thumb Code    78  stm32h7xx_hal_pwr_ex.o(i.HAL_PWREx_ConfigSupply)
    HAL_RCCEx_GetD3PCLK1Freq                 0x08003291   Thumb Code    26  stm32h7xx_hal_rcc_ex.o(i.HAL_RCCEx_GetD3PCLK1Freq)
    HAL_RCCEx_GetPLL1ClockFreq               0x080032b5   Thumb Code   298  stm32h7xx_hal_rcc_ex.o(i.HAL_RCCEx_GetPLL1ClockFreq)
    HAL_RCCEx_GetPLL2ClockFreq               0x080033fd   Thumb Code   296  stm32h7xx_hal_rcc_ex.o(i.HAL_RCCEx_GetPLL2ClockFreq)
    HAL_RCCEx_GetPLL3ClockFreq               0x08003541   Thumb Code   296  stm32h7xx_hal_rcc_ex.o(i.HAL_RCCEx_GetPLL3ClockFreq)
    HAL_RCCEx_GetPeriphCLKFreq               0x08003685   Thumb Code   692  stm32h7xx_hal_rcc_ex.o(i.HAL_RCCEx_GetPeriphCLKFreq)
    HAL_RCCEx_PeriphCLKConfig                0x0800394d   Thumb Code  2472  stm32h7xx_hal_rcc_ex.o(i.HAL_RCCEx_PeriphCLKConfig)
    HAL_RCC_ClockConfig                      0x080042f9   Thumb Code   580  stm32h7xx_hal_rcc.o(i.HAL_RCC_ClockConfig)
    HAL_RCC_GetHCLKFreq                      0x08004555   Thumb Code    52  stm32h7xx_hal_rcc.o(i.HAL_RCC_GetHCLKFreq)
    HAL_RCC_GetPCLK1Freq                     0x08004599   Thumb Code    26  stm32h7xx_hal_rcc.o(i.HAL_RCC_GetPCLK1Freq)
    HAL_RCC_GetPCLK2Freq                     0x080045bd   Thumb Code    26  stm32h7xx_hal_rcc.o(i.HAL_RCC_GetPCLK2Freq)
    HAL_RCC_GetSysClockFreq                  0x080045e1   Thumb Code   278  stm32h7xx_hal_rcc.o(i.HAL_RCC_GetSysClockFreq)
    HAL_RCC_OscConfig                        0x08004719   Thumb Code  1410  stm32h7xx_hal_rcc.o(i.HAL_RCC_OscConfig)
    HAL_SDRAM_IRQHandler                     0x08004c9b   Thumb Code    30  stm32h7xx_hal_sdram.o(i.HAL_SDRAM_IRQHandler)
    HAL_SDRAM_Init                           0x08004cb9   Thumb Code    76  stm32h7xx_hal_sdram.o(i.HAL_SDRAM_Init)
    HAL_SDRAM_MspInit                        0x08004d09   Thumb Code     4  fmc.o(i.HAL_SDRAM_MspInit)
    HAL_SDRAM_RefreshErrorCallback           0x08004d0d   Thumb Code     2  stm32h7xx_hal_sdram.o(i.HAL_SDRAM_RefreshErrorCallback)
    HAL_SPI_Init                             0x08004d11   Thumb Code   366  stm32h7xx_hal_spi.o(i.HAL_SPI_Init)
    HAL_SPI_MspInit                          0x08004e8d   Thumb Code   164  spi.o(i.HAL_SPI_MspInit)
    HAL_SYSCFG_AnalogSwitchConfig            0x08004f45   Thumb Code    12  stm32h7xx_hal.o(i.HAL_SYSCFG_AnalogSwitchConfig)
    HAL_SYSTICK_Config                       0x08004f55   Thumb Code    38  stm32h7xx_hal_cortex.o(i.HAL_SYSTICK_Config)
    HAL_TIMEx_Break2Callback                 0x08004f7b   Thumb Code     2  stm32h7xx_hal_tim_ex.o(i.HAL_TIMEx_Break2Callback)
    HAL_TIMEx_BreakCallback                  0x08004f7d   Thumb Code     2  stm32h7xx_hal_tim_ex.o(i.HAL_TIMEx_BreakCallback)
    HAL_TIMEx_CommutCallback                 0x08004f7f   Thumb Code     2  stm32h7xx_hal_tim_ex.o(i.HAL_TIMEx_CommutCallback)
    HAL_TIMEx_MasterConfigSynchronization    0x08004f81   Thumb Code   134  stm32h7xx_hal_tim_ex.o(i.HAL_TIMEx_MasterConfigSynchronization)
    HAL_TIM_Base_Init                        0x08005025   Thumb Code    98  stm32h7xx_hal_tim.o(i.HAL_TIM_Base_Init)
    HAL_TIM_Base_MspInit                     0x08005089   Thumb Code   128  tim.o(i.HAL_TIM_Base_MspInit)
    HAL_TIM_ConfigClockSource                0x08005119   Thumb Code   248  stm32h7xx_hal_tim.o(i.HAL_TIM_ConfigClockSource)
    HAL_TIM_IC_CaptureCallback               0x08005215   Thumb Code     2  stm32h7xx_hal_tim.o(i.HAL_TIM_IC_CaptureCallback)
    HAL_TIM_IC_ConfigChannel                 0x08005217   Thumb Code   290  stm32h7xx_hal_tim.o(i.HAL_TIM_IC_ConfigChannel)
    HAL_TIM_IC_Init                          0x08005339   Thumb Code    98  stm32h7xx_hal_tim.o(i.HAL_TIM_IC_Init)
    HAL_TIM_IC_MspInit                       0x0800539b   Thumb Code     2  stm32h7xx_hal_tim.o(i.HAL_TIM_IC_MspInit)
    HAL_TIM_IRQHandler                       0x0800539d   Thumb Code   386  stm32h7xx_hal_tim.o(i.HAL_TIM_IRQHandler)
    HAL_TIM_MspPostInit                      0x08005521   Thumb Code    68  tim.o(i.HAL_TIM_MspPostInit)
    HAL_TIM_OC_DelayElapsedCallback          0x08005571   Thumb Code     2  stm32h7xx_hal_tim.o(i.HAL_TIM_OC_DelayElapsedCallback)
    HAL_TIM_PWM_ConfigChannel                0x08005573   Thumb Code   292  stm32h7xx_hal_tim.o(i.HAL_TIM_PWM_ConfigChannel)
    HAL_TIM_PWM_Init                         0x08005697   Thumb Code    98  stm32h7xx_hal_tim.o(i.HAL_TIM_PWM_Init)
    HAL_TIM_PWM_MspInit                      0x080056f9   Thumb Code    30  tim.o(i.HAL_TIM_PWM_MspInit)
    HAL_TIM_PWM_PulseFinishedCallback        0x08005721   Thumb Code     2  stm32h7xx_hal_tim.o(i.HAL_TIM_PWM_PulseFinishedCallback)
    HAL_TIM_PeriodElapsedCallback            0x08005723   Thumb Code     2  stm32h7xx_hal_tim.o(i.HAL_TIM_PeriodElapsedCallback)
    HAL_TIM_TriggerCallback                  0x08005725   Thumb Code     2  stm32h7xx_hal_tim.o(i.HAL_TIM_TriggerCallback)
    HAL_UARTEx_DisableFifoMode               0x08005727   Thumb Code    64  stm32h7xx_hal_uart_ex.o(i.HAL_UARTEx_DisableFifoMode)
    HAL_UARTEx_RxEventCallback               0x08005767   Thumb Code     2  stm32h7xx_hal_uart.o(i.HAL_UARTEx_RxEventCallback)
    HAL_UARTEx_RxFifoFullCallback            0x08005769   Thumb Code     2  stm32h7xx_hal_uart_ex.o(i.HAL_UARTEx_RxFifoFullCallback)
    HAL_UARTEx_SetRxFifoThreshold            0x0800576b   Thumb Code    76  stm32h7xx_hal_uart_ex.o(i.HAL_UARTEx_SetRxFifoThreshold)
    HAL_UARTEx_SetTxFifoThreshold            0x080057b7   Thumb Code    76  stm32h7xx_hal_uart_ex.o(i.HAL_UARTEx_SetTxFifoThreshold)
    HAL_UARTEx_TxFifoEmptyCallback           0x08005803   Thumb Code     2  stm32h7xx_hal_uart_ex.o(i.HAL_UARTEx_TxFifoEmptyCallback)
    HAL_UARTEx_WakeupCallback                0x08005805   Thumb Code     2  stm32h7xx_hal_uart_ex.o(i.HAL_UARTEx_WakeupCallback)
    HAL_UART_ErrorCallback                   0x08005807   Thumb Code     2  stm32h7xx_hal_uart.o(i.HAL_UART_ErrorCallback)
    HAL_UART_IRQHandler                      0x08005809   Thumb Code   878  stm32h7xx_hal_uart.o(i.HAL_UART_IRQHandler)
    HAL_UART_Init                            0x08005b91   Thumb Code   106  stm32h7xx_hal_uart.o(i.HAL_UART_Init)
    HAL_UART_MspInit                         0x08005bfd   Thumb Code   252  usart.o(i.HAL_UART_MspInit)
    HAL_UART_Receive                         0x08005d11   Thumb Code   232  stm32h7xx_hal_uart.o(i.HAL_UART_Receive)
    HAL_UART_Transmit                        0x08005df9   Thumb Code   176  stm32h7xx_hal_uart.o(i.HAL_UART_Transmit)
    HAL_UART_TxCpltCallback                  0x08005ea9   Thumb Code     2  stm32h7xx_hal_uart.o(i.HAL_UART_TxCpltCallback)
    HardFault_Handler                        0x08005eab   Thumb Code     2  stm32h7xx_it.o(i.HardFault_Handler)
    LTDC_ER_IRQHandler                       0x080062a9   Thumb Code     6  stm32h7xx_it.o(i.LTDC_ER_IRQHandler)
    LTDC_IRQHandler                          0x080062b5   Thumb Code     6  stm32h7xx_it.o(i.LTDC_IRQHandler)
    MX_ADC3_Init                             0x08006645   Thumb Code   154  adc.o(i.MX_ADC3_Init)
    MX_CRC_Init                              0x080066f5   Thumb Code    40  crc.o(i.MX_CRC_Init)
    MX_DMA2D_Init                            0x08006725   Thumb Code    64  dma2d.o(i.MX_DMA2D_Init)
    MX_DMA_Init                              0x0800676d   Thumb Code    56  dma.o(i.MX_DMA_Init)
    MX_FMC_Init                              0x080067a9   Thumb Code    94  fmc.o(i.MX_FMC_Init)
    MX_GPIO_Init                             0x08006811   Thumb Code   436  gpio.o(i.MX_GPIO_Init)
    MX_I2C4_Init                             0x080069e1   Thumb Code    70  custom_bus.o(i.MX_I2C4_Init)
    MX_LTDC_Init                             0x08006a31   Thumb Code   158  ltdc.o(i.MX_LTDC_Init)
    MX_SPI1_Init                             0x08006ad9   Thumb Code    80  spi.o(i.MX_SPI1_Init)
    MX_TIM3_Init                             0x08006b31   Thumb Code   110  tim.o(i.MX_TIM3_Init)
    MX_TIM5_Init                             0x08006ba9   Thumb Code   146  tim.o(i.MX_TIM5_Init)
    MX_TIM6_Init                             0x08006c45   Thumb Code    62  tim.o(i.MX_TIM6_Init)
    MX_TOF_Init                              0x08006c8d   Thumb Code     4  app_tof.o(i.MX_TOF_Init)
    MX_TOF_Process                           0x08006c91   Thumb Code     4  app_tof.o(i.MX_TOF_Process)
    MX_UART4_Init                            0x08006c95   Thumb Code    94  usart.o(i.MX_UART4_Init)
    MemManage_Handler                        0x08006cfd   Thumb Code     2  stm32h7xx_it.o(i.MemManage_Handler)
    NMI_Handler                              0x08006cff   Thumb Code     2  stm32h7xx_it.o(i.NMI_Handler)
    PendSV_Handler                           0x08006d01   Thumb Code     2  stm32h7xx_it.o(i.PendSV_Handler)
    PeriphCommonClock_Config                 0x08006d05   Thumb Code   102  main.o(i.PeriphCommonClock_Config)
    RdByte                                   0x08006fb1   Thumb Code    16  platform.o(i.RdByte)
    RdMulti                                  0x08006fc1   Thumb Code    16  platform.o(i.RdMulti)
    SVC_Handler                              0x08006fd1   Thumb Code     2  stm32h7xx_it.o(i.SVC_Handler)
    SwapBuffer                               0x08006fd3   Thumb Code    30  platform.o(i.SwapBuffer)
    SysTick_Handler                          0x08006ff1   Thumb Code     4  stm32h7xx_it.o(i.SysTick_Handler)
    SystemClock_Config                       0x08006ff5   Thumb Code   208  main.o(i.SystemClock_Config)
    SystemInit                               0x080070d1   Thumb Code   180  system_stm32h7xx.o(i.SystemInit)
    TIM5_IRQHandler                          0x080071ad   Thumb Code     6  stm32h7xx_it.o(i.TIM5_IRQHandler)
    TIM_Base_SetConfig                       0x080071b9   Thumb Code   162  stm32h7xx_hal_tim.o(i.TIM_Base_SetConfig)
    TIM_ETR_SetConfig                        0x0800727d   Thumb Code    18  stm32h7xx_hal_tim.o(i.TIM_ETR_SetConfig)
    TIM_OC2_SetConfig                        0x0800734d   Thumb Code   126  stm32h7xx_hal_tim.o(i.TIM_OC2_SetConfig)
    TIM_TI1_SetConfig                        0x08007601   Thumb Code   100  stm32h7xx_hal_tim.o(i.TIM_TI1_SetConfig)
    UART4_IRQHandler                         0x080076dd   Thumb Code     6  stm32h7xx_it.o(i.UART4_IRQHandler)
    UART_AdvFeatureConfig                    0x0800772d   Thumb Code   200  stm32h7xx_hal_uart.o(i.UART_AdvFeatureConfig)
    UART_CheckIdleState                      0x080077f5   Thumb Code   170  stm32h7xx_hal_uart.o(i.UART_CheckIdleState)
    UART_SetConfig                           0x08007909   Thumb Code   876  stm32h7xx_hal_uart.o(i.UART_SetConfig)
    UART_WaitOnFlagUntilTimeout              0x08007cb5   Thumb Code   140  stm32h7xx_hal_uart.o(i.UART_WaitOnFlagUntilTimeout)
    UsageFault_Handler                       0x08007d41   Thumb Code     2  stm32h7xx_it.o(i.UsageFault_Handler)
    VL53L8A1_RANGING_SENSOR_ConfigProfile    0x08007d45   Thumb Code    40  53l8a1_ranging_sensor.o(i.VL53L8A1_RANGING_SENSOR_ConfigProfile)
    VL53L8A1_RANGING_SENSOR_GetCapabilities  0x08007d75   Thumb Code    40  53l8a1_ranging_sensor.o(i.VL53L8A1_RANGING_SENSOR_GetCapabilities)
    VL53L8A1_RANGING_SENSOR_GetDistance      0x08007da5   Thumb Code    40  53l8a1_ranging_sensor.o(i.VL53L8A1_RANGING_SENSOR_GetDistance)
    VL53L8A1_RANGING_SENSOR_Init             0x08007dd5   Thumb Code    14  53l8a1_ranging_sensor.o(i.VL53L8A1_RANGING_SENSOR_Init)
    VL53L8A1_RANGING_SENSOR_ReadID           0x08007de5   Thumb Code    40  53l8a1_ranging_sensor.o(i.VL53L8A1_RANGING_SENSOR_ReadID)
    VL53L8A1_RANGING_SENSOR_Start            0x08007e15   Thumb Code    40  53l8a1_ranging_sensor.o(i.VL53L8A1_RANGING_SENSOR_Start)
    VL53L8A1_RANGING_SENSOR_Stop             0x08007e45   Thumb Code    40  53l8a1_ranging_sensor.o(i.VL53L8A1_RANGING_SENSOR_Stop)
    VL53L8CX_ConfigIT                        0x08007e75   Thumb Code   166  vl53l8cx.o(i.VL53L8CX_ConfigIT)
    VL53L8CX_ConfigProfile                   0x08007f21   Thumb Code   148  vl53l8cx.o(i.VL53L8CX_ConfigProfile)
    VL53L8CX_ConfigROI                       0x08007fb5   Thumb Code     6  vl53l8cx.o(i.VL53L8CX_ConfigROI)
    VL53L8CX_DeInit                          0x08007fbb   Thumb Code    46  vl53l8cx.o(i.VL53L8CX_DeInit)
    VL53L8CX_GetAddress                      0x08007fe9   Thumb Code    18  vl53l8cx.o(i.VL53L8CX_GetAddress)
    VL53L8CX_GetCapabilities                 0x08007ffb   Thumb Code    28  vl53l8cx.o(i.VL53L8CX_GetCapabilities)
    VL53L8CX_GetDistance                     0x08008017   Thumb Code    66  vl53l8cx.o(i.VL53L8CX_GetDistance)
    VL53L8CX_GetPowerMode                    0x08008059   Thumb Code    40  vl53l8cx.o(i.VL53L8CX_GetPowerMode)
    VL53L8CX_Init                            0x08008081   Thumb Code    66  vl53l8cx.o(i.VL53L8CX_Init)
    VL53L8CX_ReadID                          0x0800817d   Thumb Code   108  vl53l8cx.o(i.VL53L8CX_ReadID)
    VL53L8CX_RegisterBusIO                   0x080081e9   Thumb Code    62  vl53l8cx.o(i.VL53L8CX_RegisterBusIO)
    VL53L8CX_SetAddress                      0x08008227   Thumb Code    40  vl53l8cx.o(i.VL53L8CX_SetAddress)
    VL53L8CX_SetPowerMode                    0x0800824f   Thumb Code    36  vl53l8cx.o(i.VL53L8CX_SetPowerMode)
    VL53L8CX_Start                           0x08008273   Thumb Code    98  vl53l8cx.o(i.VL53L8CX_Start)
    VL53L8CX_Stop                            0x080082d5   Thumb Code    46  vl53l8cx.o(i.VL53L8CX_Stop)
    WaitMs                                   0x08008303   Thumb Code    26  platform.o(i.WaitMs)
    WrByte                                   0x0800831d   Thumb Code    18  platform.o(i.WrByte)
    WrMulti                                  0x0800832f   Thumb Code    16  platform.o(i.WrMulti)
    __0printf$8                              0x08008341   Thumb Code    22  printf8.o(i.__0printf$8)
    __1printf$8                              0x08008341   Thumb Code     0  printf8.o(i.__0printf$8)
    __2printf                                0x08008341   Thumb Code     0  printf8.o(i.__0printf$8)
    __scatterload_copy                       0x08008383   Thumb Code    14  handlers.o(i.__scatterload_copy)
    __scatterload_null                       0x08008391   Thumb Code     2  handlers.o(i.__scatterload_null)
    __scatterload_zeroinit                   0x08008393   Thumb Code    14  handlers.o(i.__scatterload_zeroinit)
    fputc                                    0x08008be1   Thumb Code    18  bsp_usart.o(i.fputc)
    main                                     0x08008c71   Thumb Code   274  main.o(i.main)
    vl53l8cx_check_data_ready                0x0800900d   Thumb Code    88  vl53l8cx_api.o(i.vl53l8cx_check_data_ready)
    vl53l8cx_dci_read_data                   0x08009065   Thumb Code   172  vl53l8cx_api.o(i.vl53l8cx_dci_read_data)
    vl53l8cx_dci_replace_data                0x0800911d   Thumb Code    54  vl53l8cx_api.o(i.vl53l8cx_dci_replace_data)
    vl53l8cx_dci_write_data                  0x08009155   Thumb Code   202  vl53l8cx_api.o(i.vl53l8cx_dci_write_data)
    vl53l8cx_get_power_mode                  0x08009229   Thumb Code    68  vl53l8cx_api.o(i.vl53l8cx_get_power_mode)
    vl53l8cx_get_ranging_data                0x0800926d   Thumb Code   396  vl53l8cx_api.o(i.vl53l8cx_get_ranging_data)
    vl53l8cx_get_resolution                  0x080093f9   Thumb Code    36  vl53l8cx_api.o(i.vl53l8cx_get_resolution)
    vl53l8cx_init                            0x08009509   Thumb Code  1350  vl53l8cx_api.o(i.vl53l8cx_init)
    vl53l8cx_set_detection_thresholds        0x08009aa1   Thumb Code   220  vl53l8cx_plugin_detection_thresholds.o(i.vl53l8cx_set_detection_thresholds)
    vl53l8cx_set_detection_thresholds_enable 0x08009b85   Thumb Code   106  vl53l8cx_plugin_detection_thresholds.o(i.vl53l8cx_set_detection_thresholds_enable)
    vl53l8cx_set_i2c_address                 0x08009bf5   Thumb Code    54  vl53l8cx_api.o(i.vl53l8cx_set_i2c_address)
    vl53l8cx_set_integration_time_ms         0x08009c2b   Thumb Code    56  vl53l8cx_api.o(i.vl53l8cx_set_integration_time_ms)
    vl53l8cx_set_power_mode                  0x08009c63   Thumb Code   136  vl53l8cx_api.o(i.vl53l8cx_set_power_mode)
    vl53l8cx_set_ranging_frequency_hz        0x08009ceb   Thumb Code    32  vl53l8cx_api.o(i.vl53l8cx_set_ranging_frequency_hz)
    vl53l8cx_set_ranging_mode                0x08009d0b   Thumb Code   106  vl53l8cx_api.o(i.vl53l8cx_set_ranging_mode)
    vl53l8cx_set_resolution                  0x08009d75   Thumb Code   258  vl53l8cx_api.o(i.vl53l8cx_set_resolution)
    vl53l8cx_start_ranging                   0x08009e79   Thumb Code   376  vl53l8cx_api.o(i.vl53l8cx_start_ranging)
    vl53l8cx_stop_ranging                    0x08009ff9   Thumb Code   268  vl53l8cx_api.o(i.vl53l8cx_stop_ranging)
    UARTPrescTable                           0x0800a10c   Data          24  stm32h7xx_hal_uart.o(.constdata)
    D1CorePrescTable                         0x0800a134   Data          16  system_stm32h7xx.o(.constdata)
    VL53L8CX_FIRMWARE                        0x0800a144   Data       86016  vl53l8cx_api.o(.constdata)
    VL53L8CX_DEFAULT_CONFIGURATION           0x0801f144   Data         972  vl53l8cx_api.o(.constdata)
    VL53L8CX_DEFAULT_XTALK                   0x0801f510   Data         776  vl53l8cx_api.o(.constdata)
    VL53L8CX_GET_NVM_CMD                     0x0801f818   Data          40  vl53l8cx_api.o(.constdata)
    Region$$Table$$Base                      0x0801f880   Number         0  anon$$obj.o(Region$$Table)
    Region$$Table$$Limit                     0x0801f8a0   Number         0  anon$$obj.o(Region$$Table)
    uwTickFreq                               0x2400000c   Data           1  stm32h7xx_hal.o(.data)
    uwTickPrio                               0x24000010   Data           4  stm32h7xx_hal.o(.data)
    uwTick                                   0x24000014   Data           4  stm32h7xx_hal.o(.data)
    SystemCoreClock                          0x24000018   Data           4  system_stm32h7xx.o(.data)
    SystemD2Clock                            0x2400001c   Data           4  system_stm32h7xx.o(.data)
    VL53L8CX_RANGING_SENSOR_Driver           0x24000020   Data          56  vl53l8cx.o(.data)
    ToF_EventDetected                        0x24000060   Data           1  app_tof.o(.data)
    __stdout                                 0x24000064   Data           4  stdout.o(.data)
    hadc3                                    0x24000068   Data         100  adc.o(.bss)
    hcrc                                     0x240000cc   Data          36  crc.o(.bss)
    hdma2d                                   0x240000f0   Data         104  dma2d.o(.bss)
    hsdram1                                  0x24000158   Data          52  fmc.o(.bss)
    hltdc                                    0x2400018c   Data         168  ltdc.o(.bss)
    hspi1                                    0x24000234   Data         136  spi.o(.bss)
    htim3                                    0x240002bc   Data          76  tim.o(.bss)
    htim5                                    0x24000308   Data          76  tim.o(.bss)
    htim6                                    0x24000354   Data          76  tim.o(.bss)
    huart4                                   0x240003a0   Data         148  usart.o(.bss)
    hdma_uart4_rx                            0x24000434   Data         120  usart.o(.bss)
    hdma_uart4_tx                            0x240004ac   Data         120  usart.o(.bss)
    hi2c4                                    0x24000524   Data          84  custom_bus.o(.bss)
    VL53L8A1_RANGING_SENSOR_CompObj          0x24000c48   Data          12  53l8a1_ranging_sensor.o(.bss)
    __initial_sp                             0x24003d98   Data           0  startup_stm32h750xx.o(STACK)



==============================================================================

Memory Map of the image

  Image Entry point : 0x08000299

  Load Region LR_IROM1 (Base: 0x08000000, Size: 0x0001f908, Max: 0x00020000, ABSOLUTE)

    Execution Region ER_IROM1 (Exec base: 0x08000000, Load base: 0x08000000, Size: 0x0001f8a0, Max: 0x00020000, ABSOLUTE)

    Exec Addr    Load Addr    Size         Type   Attr      Idx    E Section Name        Object

    0x08000000   0x08000000   0x00000298   Data   RO            3    RESET               startup_stm32h750xx.o
    0x08000298   0x08000298   0x00000000   Code   RO         8496  * .ARM.Collect$$$$00000000  mc_w.l(entry.o)
    0x08000298   0x08000298   0x00000004   Code   RO         8790    .ARM.Collect$$$$00000001  mc_w.l(entry2.o)
    0x0800029c   0x0800029c   0x00000004   Code   RO         8793    .ARM.Collect$$$$00000004  mc_w.l(entry5.o)
    0x080002a0   0x080002a0   0x00000000   Code   RO         8795    .ARM.Collect$$$$00000008  mc_w.l(entry7b.o)
    0x080002a0   0x080002a0   0x00000000   Code   RO         8797    .ARM.Collect$$$$0000000A  mc_w.l(entry8b.o)
    0x080002a0   0x080002a0   0x00000008   Code   RO         8798    .ARM.Collect$$$$0000000B  mc_w.l(entry9a.o)
    0x080002a8   0x080002a8   0x00000000   Code   RO         8800    .ARM.Collect$$$$0000000D  mc_w.l(entry10a.o)
    0x080002a8   0x080002a8   0x00000000   Code   RO         8802    .ARM.Collect$$$$0000000F  mc_w.l(entry11a.o)
    0x080002a8   0x080002a8   0x00000004   Code   RO         8791    .ARM.Collect$$$$00002712  mc_w.l(entry2.o)
    0x080002ac   0x080002ac   0x00000024   Code   RO            4    .text               startup_stm32h750xx.o
    0x080002d0   0x080002d0   0x00000062   Code   RO         8507    .text               mc_w.l(uldiv.o)
    0x08000332   0x08000332   0x00000040   Code   RO         8511    .text               mc_w.l(memmovea.o)
    0x08000372   0x08000372   0x00000024   Code   RO         8513    .text               mc_w.l(memseta.o)
    0x08000396   0x08000396   0x0000001e   Code   RO         8806    .text               mc_w.l(llshl.o)
    0x080003b4   0x080003b4   0x00000020   Code   RO         8808    .text               mc_w.l(llushr.o)
    0x080003d4   0x080003d4   0x00000024   Code   RO         8827    .text               mc_w.l(init.o)
    0x080003f8   0x080003f8   0x00000108   Code   RO         3347    i.ADC_ConfigureBoostMode  stm32h7xx_hal_adc.o
    0x08000500   0x08000500   0x00000004   Code   RO          713    i.BSP_GetTick       custom_bus.o
    0x08000504   0x08000504   0x00000050   Code   RO          714    i.BSP_I2C4_DeInit   custom_bus.o
    0x08000554   0x08000554   0x0000004c   Code   RO          715    i.BSP_I2C4_Init     custom_bus.o
    0x080005a0   0x080005a0   0x00000038   Code   RO          718    i.BSP_I2C4_ReadReg16  custom_bus.o
    0x080005d8   0x080005d8   0x00000034   Code   RO          722    i.BSP_I2C4_WriteReg16  custom_bus.o
    0x0800060c   0x0800060c   0x00000002   Code   RO          815    i.BusFault_Handler  stm32h7xx_it.o
    0x0800060e   0x0800060e   0x00000002   PAD
    0x08000610   0x08000610   0x0000000c   Code   RO          816    i.DMA1_Stream2_IRQHandler  stm32h7xx_it.o
    0x0800061c   0x0800061c   0x0000000c   Code   RO          817    i.DMA1_Stream4_IRQHandler  stm32h7xx_it.o
    0x08000628   0x08000628   0x0000000c   Code   RO          818    i.DMA2D_IRQHandler  stm32h7xx_it.o
    0x08000634   0x08000634   0x000000b4   Code   RO         2115    i.DMA_CalcBaseAndBitshift  stm32h7xx_hal_dma.o
    0x080006e8   0x080006e8   0x0000009c   Code   RO         2116    i.DMA_CalcDMAMUXChannelBaseAndMask  stm32h7xx_hal_dma.o
    0x08000784   0x08000784   0x00000074   Code   RO         2117    i.DMA_CalcDMAMUXRequestGenBaseAndMask  stm32h7xx_hal_dma.o
    0x080007f8   0x080007f8   0x00000054   Code   RO         2118    i.DMA_CheckFifoParam  stm32h7xx_hal_dma.o
    0x0800084c   0x0800084c   0x00000002   Code   RO          819    i.DebugMon_Handler  stm32h7xx_it.o
    0x0800084e   0x0800084e   0x00000006   Code   RO          820    i.EXTI4_IRQHandler  stm32h7xx_it.o
    0x08000854   0x08000854   0x00000004   Code   RO           13    i.Error_Handler     main.o
    0x08000858   0x08000858   0x0000000c   Code   RO          821    i.FMC_IRQHandler    stm32h7xx_it.o
    0x08000864   0x08000864   0x0000006a   Code   RO         4128    i.FMC_SDRAM_Init    stm32h7xx_ll_fmc.o
    0x080008ce   0x080008ce   0x00000002   PAD
    0x080008d0   0x080008d0   0x000000b0   Code   RO         4132    i.FMC_SDRAM_Timing_Init  stm32h7xx_ll_fmc.o
    0x08000980   0x08000980   0x000003d8   Code   RO         3355    i.HAL_ADC_ConfigChannel  stm32h7xx_hal_adc.o
    0x08000d58   0x08000d58   0x00000228   Code   RO         3364    i.HAL_ADC_Init      stm32h7xx_hal_adc.o
    0x08000f80   0x08000f80   0x00000044   Code   RO          314    i.HAL_ADC_MspInit   adc.o
    0x08000fc4   0x08000fc4   0x00000054   Code   RO         3870    i.HAL_CRCEx_Polynomial_Set  stm32h7xx_hal_crc_ex.o
    0x08001018   0x08001018   0x00000078   Code   RO         3804    i.HAL_CRC_Init      stm32h7xx_hal_crc.o
    0x08001090   0x08001090   0x00000028   Code   RO          356    i.HAL_CRC_MspInit   crc.o
    0x080010b8   0x080010b8   0x00000002   Code   RO         3910    i.HAL_DMA2D_CLUTLoadingCpltCallback  stm32h7xx_hal_dma2d.o
    0x080010ba   0x080010ba   0x00000002   PAD
    0x080010bc   0x080010bc   0x000000c8   Code   RO         3918    i.HAL_DMA2D_ConfigLayer  stm32h7xx_hal_dma2d.o
    0x08001184   0x08001184   0x0000011c   Code   RO         3925    i.HAL_DMA2D_IRQHandler  stm32h7xx_hal_dma2d.o
    0x080012a0   0x080012a0   0x00000088   Code   RO         3926    i.HAL_DMA2D_Init    stm32h7xx_hal_dma2d.o
    0x08001328   0x08001328   0x00000002   Code   RO         3927    i.HAL_DMA2D_LineEventCallback  stm32h7xx_hal_dma2d.o
    0x0800132a   0x0800132a   0x00000002   PAD
    0x0800132c   0x0800132c   0x0000003c   Code   RO          422    i.HAL_DMA2D_MspInit  dma2d.o
    0x08001368   0x08001368   0x00000360   Code   RO         2120    i.HAL_DMA_Abort     stm32h7xx_hal_dma.o
    0x080016c8   0x080016c8   0x00000284   Code   RO         2121    i.HAL_DMA_Abort_IT  stm32h7xx_hal_dma.o
    0x0800194c   0x0800194c   0x000006e8   Code   RO         2125    i.HAL_DMA_IRQHandler  stm32h7xx_hal_dma.o
    0x08002034   0x08002034   0x000003c4   Code   RO         2126    i.HAL_DMA_Init      stm32h7xx_hal_dma.o
    0x080023f8   0x080023f8   0x00000024   Code   RO         2970    i.HAL_Delay         stm32h7xx_hal.o
    0x0800241c   0x0800241c   0x000000dc   Code   RO          463    i.HAL_FMC_MspInit   fmc.o
    0x080024f8   0x080024f8   0x00000170   Code   RO         1965    i.HAL_GPIO_DeInit   stm32h7xx_hal_gpio.o
    0x08002668   0x08002668   0x00000010   Code   RO         8474    i.HAL_GPIO_EXTI_Callback  app_tof_pin_conf.o
    0x08002678   0x08002678   0x00000018   Code   RO         1967    i.HAL_GPIO_EXTI_IRQHandler  stm32h7xx_hal_gpio.o
    0x08002690   0x08002690   0x0000022c   Code   RO         1968    i.HAL_GPIO_Init     stm32h7xx_hal_gpio.o
    0x080028bc   0x080028bc   0x0000000a   Code   RO         1972    i.HAL_GPIO_WritePin  stm32h7xx_hal_gpio.o
    0x080028c6   0x080028c6   0x00000002   PAD
    0x080028c8   0x080028c8   0x0000000c   Code   RO         2981    i.HAL_GetREVID      stm32h7xx_hal.o
    0x080028d4   0x080028d4   0x0000000c   Code   RO         2982    i.HAL_GetTick       stm32h7xx_hal.o
    0x080028e0   0x080028e0   0x00000058   Code   RO         1441    i.HAL_I2CEx_ConfigAnalogFilter  stm32h7xx_hal_i2c_ex.o
    0x08002938   0x08002938   0x00000054   Code   RO         1442    i.HAL_I2CEx_ConfigDigitalFilter  stm32h7xx_hal_i2c_ex.o
    0x0800298c   0x0800298c   0x00000034   Code   RO          971    i.HAL_I2C_DeInit    stm32h7xx_hal_i2c.o
    0x080029c0   0x080029c0   0x00000004   Code   RO          977    i.HAL_I2C_GetError  stm32h7xx_hal_i2c.o
    0x080029c4   0x080029c4   0x00000006   Code   RO          979    i.HAL_I2C_GetState  stm32h7xx_hal_i2c.o
    0x080029ca   0x080029ca   0x00000002   PAD
    0x080029cc   0x080029cc   0x000000b8   Code   RO          980    i.HAL_I2C_Init      stm32h7xx_hal_i2c.o
    0x08002a84   0x08002a84   0x00000164   Code   RO          998    i.HAL_I2C_Mem_Read  stm32h7xx_hal_i2c.o
    0x08002be8   0x08002be8   0x00000158   Code   RO         1001    i.HAL_I2C_Mem_Write  stm32h7xx_hal_i2c.o
    0x08002d40   0x08002d40   0x00000002   Code   RO         1004    i.HAL_I2C_MspDeInit  stm32h7xx_hal_i2c.o
    0x08002d42   0x08002d42   0x00000002   Code   RO         1005    i.HAL_I2C_MspInit   stm32h7xx_hal_i2c.o
    0x08002d44   0x08002d44   0x00000010   Code   RO         2988    i.HAL_IncTick       stm32h7xx_hal.o
    0x08002d54   0x08002d54   0x0000005c   Code   RO         2989    i.HAL_Init          stm32h7xx_hal.o
    0x08002db0   0x08002db0   0x00000040   Code   RO         2990    i.HAL_InitTick      stm32h7xx_hal.o
    0x08002df0   0x08002df0   0x00000052   Code   RO         4437    i.HAL_LTDC_ConfigLayer  stm32h7xx_hal_ltdc.o
    0x08002e42   0x08002e42   0x00000002   Code   RO         4450    i.HAL_LTDC_ErrorCallback  stm32h7xx_hal_ltdc.o
    0x08002e44   0x08002e44   0x000000c8   Code   RO         4453    i.HAL_LTDC_IRQHandler  stm32h7xx_hal_ltdc.o
    0x08002f0c   0x08002f0c   0x000000f8   Code   RO         4454    i.HAL_LTDC_Init     stm32h7xx_hal_ltdc.o
    0x08003004   0x08003004   0x00000002   Code   RO         4455    i.HAL_LTDC_LineEventCallback  stm32h7xx_hal_ltdc.o
    0x08003006   0x08003006   0x00000002   PAD
    0x08003008   0x08003008   0x000000f8   Code   RO          516    i.HAL_LTDC_MspInit  ltdc.o
    0x08003100   0x08003100   0x00000002   Code   RO         4460    i.HAL_LTDC_ReloadEventCallback  stm32h7xx_hal_ltdc.o
    0x08003102   0x08003102   0x00000002   PAD
    0x08003104   0x08003104   0x0000005c   Code   RO         2823    i.HAL_MPU_ConfigRegion  stm32h7xx_hal_cortex.o
    0x08003160   0x08003160   0x0000001c   Code   RO         2824    i.HAL_MPU_Disable   stm32h7xx_hal_cortex.o
    0x0800317c   0x0800317c   0x00000024   Code   RO         2825    i.HAL_MPU_Enable    stm32h7xx_hal_cortex.o
    0x080031a0   0x080031a0   0x0000001c   Code   RO          945    i.HAL_MspInit       stm32h7xx_hal_msp.o
    0x080031bc   0x080031bc   0x0000001a   Code   RO         2828    i.HAL_NVIC_EnableIRQ  stm32h7xx_hal_cortex.o
    0x080031d6   0x080031d6   0x00000002   PAD
    0x080031d8   0x080031d8   0x00000040   Code   RO         2834    i.HAL_NVIC_SetPriority  stm32h7xx_hal_cortex.o
    0x08003218   0x08003218   0x00000024   Code   RO         2835    i.HAL_NVIC_SetPriorityGrouping  stm32h7xx_hal_cortex.o
    0x0800323c   0x0800323c   0x00000054   Code   RO         2569    i.HAL_PWREx_ConfigSupply  stm32h7xx_hal_pwr_ex.o
    0x08003290   0x08003290   0x00000024   Code   RO         1611    i.HAL_RCCEx_GetD3PCLK1Freq  stm32h7xx_hal_rcc_ex.o
    0x080032b4   0x080032b4   0x00000148   Code   RO         1612    i.HAL_RCCEx_GetPLL1ClockFreq  stm32h7xx_hal_rcc_ex.o
    0x080033fc   0x080033fc   0x00000144   Code   RO         1613    i.HAL_RCCEx_GetPLL2ClockFreq  stm32h7xx_hal_rcc_ex.o
    0x08003540   0x08003540   0x00000144   Code   RO         1614    i.HAL_RCCEx_GetPLL3ClockFreq  stm32h7xx_hal_rcc_ex.o
    0x08003684   0x08003684   0x000002c8   Code   RO         1616    i.HAL_RCCEx_GetPeriphCLKFreq  stm32h7xx_hal_rcc_ex.o
    0x0800394c   0x0800394c   0x000009ac   Code   RO         1620    i.HAL_RCCEx_PeriphCLKConfig  stm32h7xx_hal_rcc_ex.o
    0x080042f8   0x080042f8   0x0000025c   Code   RO         1496    i.HAL_RCC_ClockConfig  stm32h7xx_hal_rcc.o
    0x08004554   0x08004554   0x00000044   Code   RO         1501    i.HAL_RCC_GetHCLKFreq  stm32h7xx_hal_rcc.o
    0x08004598   0x08004598   0x00000024   Code   RO         1503    i.HAL_RCC_GetPCLK1Freq  stm32h7xx_hal_rcc.o
    0x080045bc   0x080045bc   0x00000024   Code   RO         1504    i.HAL_RCC_GetPCLK2Freq  stm32h7xx_hal_rcc.o
    0x080045e0   0x080045e0   0x00000138   Code   RO         1505    i.HAL_RCC_GetSysClockFreq  stm32h7xx_hal_rcc.o
    0x08004718   0x08004718   0x00000582   Code   RO         1508    i.HAL_RCC_OscConfig  stm32h7xx_hal_rcc.o
    0x08004c9a   0x08004c9a   0x0000001e   Code   RO         4268    i.HAL_SDRAM_IRQHandler  stm32h7xx_hal_sdram.o
    0x08004cb8   0x08004cb8   0x00000050   Code   RO         4269    i.HAL_SDRAM_Init    stm32h7xx_hal_sdram.o
    0x08004d08   0x08004d08   0x00000004   Code   RO          465    i.HAL_SDRAM_MspInit  fmc.o
    0x08004d0c   0x08004d0c   0x00000002   Code   RO         4277    i.HAL_SDRAM_RefreshErrorCallback  stm32h7xx_hal_sdram.o
    0x08004d0e   0x08004d0e   0x00000002   PAD
    0x08004d10   0x08004d10   0x0000017c   Code   RO         4720    i.HAL_SPI_Init      stm32h7xx_hal_spi.o
    0x08004e8c   0x08004e8c   0x000000b8   Code   RO          558    i.HAL_SPI_MspInit   spi.o
    0x08004f44   0x08004f44   0x00000010   Code   RO         2994    i.HAL_SYSCFG_AnalogSwitchConfig  stm32h7xx_hal.o
    0x08004f54   0x08004f54   0x00000026   Code   RO         2839    i.HAL_SYSTICK_Config  stm32h7xx_hal_cortex.o
    0x08004f7a   0x08004f7a   0x00000002   Code   RO         5754    i.HAL_TIMEx_Break2Callback  stm32h7xx_hal_tim_ex.o
    0x08004f7c   0x08004f7c   0x00000002   Code   RO         5755    i.HAL_TIMEx_BreakCallback  stm32h7xx_hal_tim_ex.o
    0x08004f7e   0x08004f7e   0x00000002   Code   RO         5756    i.HAL_TIMEx_CommutCallback  stm32h7xx_hal_tim_ex.o
    0x08004f80   0x08004f80   0x000000a4   Code   RO         5776    i.HAL_TIMEx_MasterConfigSynchronization  stm32h7xx_hal_tim_ex.o
    0x08005024   0x08005024   0x00000062   Code   RO         5040    i.HAL_TIM_Base_Init  stm32h7xx_hal_tim.o
    0x08005086   0x08005086   0x00000002   PAD
    0x08005088   0x08005088   0x00000090   Code   RO          600    i.HAL_TIM_Base_MspInit  tim.o
    0x08005118   0x08005118   0x000000fc   Code   RO         5049    i.HAL_TIM_ConfigClockSource  stm32h7xx_hal_tim.o
    0x08005214   0x08005214   0x00000002   Code   RO         5074    i.HAL_TIM_IC_CaptureCallback  stm32h7xx_hal_tim.o
    0x08005216   0x08005216   0x00000122   Code   RO         5076    i.HAL_TIM_IC_ConfigChannel  stm32h7xx_hal_tim.o
    0x08005338   0x08005338   0x00000062   Code   RO         5079    i.HAL_TIM_IC_Init   stm32h7xx_hal_tim.o
    0x0800539a   0x0800539a   0x00000002   Code   RO         5081    i.HAL_TIM_IC_MspInit  stm32h7xx_hal_tim.o
    0x0800539c   0x0800539c   0x00000182   Code   RO         5088    i.HAL_TIM_IRQHandler  stm32h7xx_hal_tim.o
    0x0800551e   0x0800551e   0x00000002   PAD
    0x08005520   0x08005520   0x00000050   Code   RO          601    i.HAL_TIM_MspPostInit  tim.o
    0x08005570   0x08005570   0x00000002   Code   RO         5091    i.HAL_TIM_OC_DelayElapsedCallback  stm32h7xx_hal_tim.o
    0x08005572   0x08005572   0x00000124   Code   RO         5112    i.HAL_TIM_PWM_ConfigChannel  stm32h7xx_hal_tim.o
    0x08005696   0x08005696   0x00000062   Code   RO         5115    i.HAL_TIM_PWM_Init  stm32h7xx_hal_tim.o
    0x080056f8   0x080056f8   0x00000028   Code   RO          603    i.HAL_TIM_PWM_MspInit  tim.o
    0x08005720   0x08005720   0x00000002   Code   RO         5118    i.HAL_TIM_PWM_PulseFinishedCallback  stm32h7xx_hal_tim.o
    0x08005722   0x08005722   0x00000002   Code   RO         5126    i.HAL_TIM_PeriodElapsedCallback  stm32h7xx_hal_tim.o
    0x08005724   0x08005724   0x00000002   Code   RO         5131    i.HAL_TIM_TriggerCallback  stm32h7xx_hal_tim.o
    0x08005726   0x08005726   0x00000040   Code   RO         6465    i.HAL_UARTEx_DisableFifoMode  stm32h7xx_hal_uart_ex.o
    0x08005766   0x08005766   0x00000002   Code   RO         6054    i.HAL_UARTEx_RxEventCallback  stm32h7xx_hal_uart.o
    0x08005768   0x08005768   0x00000002   Code   RO         6473    i.HAL_UARTEx_RxFifoFullCallback  stm32h7xx_hal_uart_ex.o
    0x0800576a   0x0800576a   0x0000004c   Code   RO         6474    i.HAL_UARTEx_SetRxFifoThreshold  stm32h7xx_hal_uart_ex.o
    0x080057b6   0x080057b6   0x0000004c   Code   RO         6475    i.HAL_UARTEx_SetTxFifoThreshold  stm32h7xx_hal_uart_ex.o
    0x08005802   0x08005802   0x00000002   Code   RO         6477    i.HAL_UARTEx_TxFifoEmptyCallback  stm32h7xx_hal_uart_ex.o
    0x08005804   0x08005804   0x00000002   Code   RO         6478    i.HAL_UARTEx_WakeupCallback  stm32h7xx_hal_uart_ex.o
    0x08005806   0x08005806   0x00000002   Code   RO         6070    i.HAL_UART_ErrorCallback  stm32h7xx_hal_uart.o
    0x08005808   0x08005808   0x00000388   Code   RO         6073    i.HAL_UART_IRQHandler  stm32h7xx_hal_uart.o
    0x08005b90   0x08005b90   0x0000006a   Code   RO         6074    i.HAL_UART_Init     stm32h7xx_hal_uart.o
    0x08005bfa   0x08005bfa   0x00000002   PAD
    0x08005bfc   0x08005bfc   0x00000114   Code   RO          672    i.HAL_UART_MspInit  usart.o
    0x08005d10   0x08005d10   0x000000e8   Code   RO         6077    i.HAL_UART_Receive  stm32h7xx_hal_uart.o
    0x08005df8   0x08005df8   0x000000b0   Code   RO         6083    i.HAL_UART_Transmit  stm32h7xx_hal_uart.o
    0x08005ea8   0x08005ea8   0x00000002   Code   RO         6086    i.HAL_UART_TxCpltCallback  stm32h7xx_hal_uart.o
    0x08005eaa   0x08005eaa   0x00000002   Code   RO          822    i.HardFault_Handler  stm32h7xx_it.o
    0x08005eac   0x08005eac   0x00000080   Code   RO          723    i.I2C4_MspInit      custom_bus.o
    0x08005f2c   0x08005f2c   0x00000022   Code   RO         1027    i.I2C_Flush_TXDR    stm32h7xx_hal_i2c.o
    0x08005f4e   0x08005f4e   0x00000002   PAD
    0x08005f50   0x08005f50   0x00000110   Code   RO         1035    i.I2C_IsErrorOccurred  stm32h7xx_hal_i2c.o
    0x08006060   0x08006060   0x00000064   Code   RO         1040    i.I2C_RequestMemoryRead  stm32h7xx_hal_i2c.o
    0x080060c4   0x080060c4   0x00000064   Code   RO         1041    i.I2C_RequestMemoryWrite  stm32h7xx_hal_i2c.o
    0x08006128   0x08006128   0x00000030   Code   RO         1044    i.I2C_TransferConfig  stm32h7xx_hal_i2c.o
    0x08006158   0x08006158   0x0000006e   Code   RO         1046    i.I2C_WaitOnFlagUntilTimeout  stm32h7xx_hal_i2c.o
    0x080061c6   0x080061c6   0x00000058   Code   RO         1048    i.I2C_WaitOnSTOPFlagUntilTimeout  stm32h7xx_hal_i2c.o
    0x0800621e   0x0800621e   0x0000005c   Code   RO         1049    i.I2C_WaitOnTXISFlagUntilTimeout  stm32h7xx_hal_i2c.o
    0x0800627a   0x0800627a   0x00000008   Code   RO         3376    i.LL_ADC_INJ_IsConversionOngoing  stm32h7xx_hal_adc.o
    0x08006282   0x08006282   0x00000008   Code   RO         3377    i.LL_ADC_REG_IsConversionOngoing  stm32h7xx_hal_adc.o
    0x0800628a   0x0800628a   0x0000001e   Code   RO         3380    i.LL_ADC_SetChannelSamplingTime  stm32h7xx_hal_adc.o
    0x080062a8   0x080062a8   0x0000000c   Code   RO          823    i.LTDC_ER_IRQHandler  stm32h7xx_it.o
    0x080062b4   0x080062b4   0x0000000c   Code   RO          824    i.LTDC_IRQHandler   stm32h7xx_it.o
    0x080062c0   0x080062c0   0x000001d0   Code   RO         4473    i.LTDC_SetConfig    stm32h7xx_hal_ltdc.o
    0x08006490   0x08006490   0x000000f4   Code   RO         8394    i.MX_53L8A1_SimpleRanging_Init  app_tof.o
    0x08006584   0x08006584   0x000000c0   Code   RO         8395    i.MX_53L8A1_SimpleRanging_Process  app_tof.o
    0x08006644   0x08006644   0x000000b0   Code   RO          315    i.MX_ADC3_Init      adc.o
    0x080066f4   0x080066f4   0x00000030   Code   RO          357    i.MX_CRC_Init       crc.o
    0x08006724   0x08006724   0x00000048   Code   RO          423    i.MX_DMA2D_Init     dma2d.o
    0x0800676c   0x0800676c   0x0000003c   Code   RO          397    i.MX_DMA_Init       dma.o
    0x080067a8   0x080067a8   0x00000068   Code   RO          466    i.MX_FMC_Init       fmc.o
    0x08006810   0x08006810   0x000001d0   Code   RO          285    i.MX_GPIO_Init      gpio.o
    0x080069e0   0x080069e0   0x00000050   Code   RO          724    i.MX_I2C4_Init      custom_bus.o
    0x08006a30   0x08006a30   0x000000a8   Code   RO          517    i.MX_LTDC_Init      ltdc.o
    0x08006ad8   0x08006ad8   0x00000058   Code   RO          559    i.MX_SPI1_Init      spi.o
    0x08006b30   0x08006b30   0x00000078   Code   RO          604    i.MX_TIM3_Init      tim.o
    0x08006ba8   0x08006ba8   0x0000009c   Code   RO          605    i.MX_TIM5_Init      tim.o
    0x08006c44   0x08006c44   0x00000048   Code   RO          606    i.MX_TIM6_Init      tim.o
    0x08006c8c   0x08006c8c   0x00000004   Code   RO         8396    i.MX_TOF_Init       app_tof.o
    0x08006c90   0x08006c90   0x00000004   Code   RO         8397    i.MX_TOF_Process    app_tof.o
    0x08006c94   0x08006c94   0x00000068   Code   RO          673    i.MX_UART4_Init     usart.o
    0x08006cfc   0x08006cfc   0x00000002   Code   RO          825    i.MemManage_Handler  stm32h7xx_it.o
    0x08006cfe   0x08006cfe   0x00000002   Code   RO          826    i.NMI_Handler       stm32h7xx_it.o
    0x08006d00   0x08006d00   0x00000002   Code   RO          827    i.PendSV_Handler    stm32h7xx_it.o
    0x08006d02   0x08006d02   0x00000002   PAD
    0x08006d04   0x08006d04   0x0000006c   Code   RO           14    i.PeriphCommonClock_Config  main.o
    0x08006d70   0x08006d70   0x00000120   Code   RO         1623    i.RCCEx_PLL2_Config  stm32h7xx_hal_rcc_ex.o
    0x08006e90   0x08006e90   0x00000120   Code   RO         1624    i.RCCEx_PLL3_Config  stm32h7xx_hal_rcc_ex.o
    0x08006fb0   0x08006fb0   0x00000010   Code   RO         8090    i.RdByte            platform.o
    0x08006fc0   0x08006fc0   0x00000010   Code   RO         8091    i.RdMulti           platform.o
    0x08006fd0   0x08006fd0   0x00000002   Code   RO          828    i.SVC_Handler       stm32h7xx_it.o
    0x08006fd2   0x08006fd2   0x0000001e   Code   RO         8092    i.SwapBuffer        platform.o
    0x08006ff0   0x08006ff0   0x00000004   Code   RO          829    i.SysTick_Handler   stm32h7xx_it.o
    0x08006ff4   0x08006ff4   0x000000dc   Code   RO           15    i.SystemClock_Config  main.o
    0x080070d0   0x080070d0   0x000000dc   Code   RO         6584    i.SystemInit        system_stm32h7xx.o
    0x080071ac   0x080071ac   0x0000000c   Code   RO          830    i.TIM5_IRQHandler   stm32h7xx_it.o
    0x080071b8   0x080071b8   0x000000c4   Code   RO         5133    i.TIM_Base_SetConfig  stm32h7xx_hal_tim.o
    0x0800727c   0x0800727c   0x00000012   Code   RO         5144    i.TIM_ETR_SetConfig  stm32h7xx_hal_tim.o
    0x0800728e   0x0800728e   0x00000002   PAD
    0x08007290   0x08007290   0x00000014   Code   RO         5145    i.TIM_ITRx_SetConfig  stm32h7xx_hal_tim.o
    0x080072a4   0x080072a4   0x000000a8   Code   RO         5146    i.TIM_OC1_SetConfig  stm32h7xx_hal_tim.o
    0x0800734c   0x0800734c   0x00000098   Code   RO         5147    i.TIM_OC2_SetConfig  stm32h7xx_hal_tim.o
    0x080073e4   0x080073e4   0x00000098   Code   RO         5148    i.TIM_OC3_SetConfig  stm32h7xx_hal_tim.o
    0x0800747c   0x0800747c   0x00000078   Code   RO         5149    i.TIM_OC4_SetConfig  stm32h7xx_hal_tim.o
    0x080074f4   0x080074f4   0x00000074   Code   RO         5150    i.TIM_OC5_SetConfig  stm32h7xx_hal_tim.o
    0x08007568   0x08007568   0x00000074   Code   RO         5151    i.TIM_OC6_SetConfig  stm32h7xx_hal_tim.o
    0x080075dc   0x080075dc   0x00000022   Code   RO         5153    i.TIM_TI1_ConfigInputStage  stm32h7xx_hal_tim.o
    0x080075fe   0x080075fe   0x00000002   PAD
    0x08007600   0x08007600   0x00000080   Code   RO         5154    i.TIM_TI1_SetConfig  stm32h7xx_hal_tim.o
    0x08007680   0x08007680   0x00000024   Code   RO         5155    i.TIM_TI2_ConfigInputStage  stm32h7xx_hal_tim.o
    0x080076a4   0x080076a4   0x00000036   Code   RO         5156    i.TIM_TI2_SetConfig  stm32h7xx_hal_tim.o
    0x080076da   0x080076da   0x00000002   PAD
    0x080076dc   0x080076dc   0x0000000c   Code   RO          831    i.UART4_IRQHandler  stm32h7xx_it.o
    0x080076e8   0x080076e8   0x00000044   Code   RO         6479    i.UARTEx_SetNbDataToProcess  stm32h7xx_hal_uart_ex.o
    0x0800772c   0x0800772c   0x000000c8   Code   RO         6088    i.UART_AdvFeatureConfig  stm32h7xx_hal_uart.o
    0x080077f4   0x080077f4   0x000000aa   Code   RO         6089    i.UART_CheckIdleState  stm32h7xx_hal_uart.o
    0x0800789e   0x0800789e   0x00000014   Code   RO         6090    i.UART_DMAAbortOnError  stm32h7xx_hal_uart.o
    0x080078b2   0x080078b2   0x00000002   PAD
    0x080078b4   0x080078b4   0x00000054   Code   RO         6100    i.UART_EndRxTransfer  stm32h7xx_hal_uart.o
    0x08007908   0x08007908   0x000003ac   Code   RO         6106    i.UART_SetConfig    stm32h7xx_hal_uart.o
    0x08007cb4   0x08007cb4   0x0000008c   Code   RO         6113    i.UART_WaitOnFlagUntilTimeout  stm32h7xx_hal_uart.o
    0x08007d40   0x08007d40   0x00000002   Code   RO          832    i.UsageFault_Handler  stm32h7xx_it.o
    0x08007d42   0x08007d42   0x00000002   PAD
    0x08007d44   0x08007d44   0x00000030   Code   RO         8261    i.VL53L8A1_RANGING_SENSOR_ConfigProfile  53l8a1_ranging_sensor.o
    0x08007d74   0x08007d74   0x00000030   Code   RO         8265    i.VL53L8A1_RANGING_SENSOR_GetCapabilities  53l8a1_ranging_sensor.o
    0x08007da4   0x08007da4   0x00000030   Code   RO         8266    i.VL53L8A1_RANGING_SENSOR_GetDistance  53l8a1_ranging_sensor.o
    0x08007dd4   0x08007dd4   0x0000000e   Code   RO         8268    i.VL53L8A1_RANGING_SENSOR_Init  53l8a1_ranging_sensor.o
    0x08007de2   0x08007de2   0x00000002   PAD
    0x08007de4   0x08007de4   0x00000030   Code   RO         8269    i.VL53L8A1_RANGING_SENSOR_ReadID  53l8a1_ranging_sensor.o
    0x08007e14   0x08007e14   0x00000030   Code   RO         8272    i.VL53L8A1_RANGING_SENSOR_Start  53l8a1_ranging_sensor.o
    0x08007e44   0x08007e44   0x00000030   Code   RO         8273    i.VL53L8A1_RANGING_SENSOR_Stop  53l8a1_ranging_sensor.o
    0x08007e74   0x08007e74   0x000000ac   Code   RO         8132    i.VL53L8CX_ConfigIT  vl53l8cx.o
    0x08007f20   0x08007f20   0x00000094   Code   RO         8133    i.VL53L8CX_ConfigProfile  vl53l8cx.o
    0x08007fb4   0x08007fb4   0x00000006   Code   RO         8134    i.VL53L8CX_ConfigROI  vl53l8cx.o
    0x08007fba   0x08007fba   0x0000002e   Code   RO         8135    i.VL53L8CX_DeInit   vl53l8cx.o
    0x08007fe8   0x08007fe8   0x00000012   Code   RO         8136    i.VL53L8CX_GetAddress  vl53l8cx.o
    0x08007ffa   0x08007ffa   0x0000001c   Code   RO         8137    i.VL53L8CX_GetCapabilities  vl53l8cx.o
    0x08008016   0x08008016   0x00000042   Code   RO         8138    i.VL53L8CX_GetDistance  vl53l8cx.o
    0x08008058   0x08008058   0x00000028   Code   RO         8139    i.VL53L8CX_GetPowerMode  vl53l8cx.o
    0x08008080   0x08008080   0x00000042   Code   RO         8140    i.VL53L8CX_Init     vl53l8cx.o
    0x080080c2   0x080080c2   0x00000002   PAD
    0x080080c4   0x080080c4   0x000000b8   Code   RO         8275    i.VL53L8CX_Probe    53l8a1_ranging_sensor.o
    0x0800817c   0x0800817c   0x0000006c   Code   RO         8141    i.VL53L8CX_ReadID   vl53l8cx.o
    0x080081e8   0x080081e8   0x0000003e   Code   RO         8142    i.VL53L8CX_RegisterBusIO  vl53l8cx.o
    0x08008226   0x08008226   0x00000028   Code   RO         8143    i.VL53L8CX_SetAddress  vl53l8cx.o
    0x0800824e   0x0800824e   0x00000024   Code   RO         8144    i.VL53L8CX_SetPowerMode  vl53l8cx.o
    0x08008272   0x08008272   0x00000062   Code   RO         8145    i.VL53L8CX_Start    vl53l8cx.o
    0x080082d4   0x080082d4   0x0000002e   Code   RO         8146    i.VL53L8CX_Stop     vl53l8cx.o
    0x08008302   0x08008302   0x0000001a   Code   RO         8093    i.WaitMs            platform.o
    0x0800831c   0x0800831c   0x00000012   Code   RO         8094    i.WrByte            platform.o
    0x0800832e   0x0800832e   0x00000010   Code   RO         8095    i.WrMulti           platform.o
    0x0800833e   0x0800833e   0x00000002   PAD
    0x08008340   0x08008340   0x00000020   Code   RO         8732    i.__0printf$8       mc_w.l(printf8.o)
    0x08008360   0x08008360   0x00000022   Code   RO         2841    i.__NVIC_SetPriority  stm32h7xx_hal_cortex.o
    0x08008382   0x08008382   0x0000000e   Code   RO         8842    i.__scatterload_copy  mc_w.l(handlers.o)
    0x08008390   0x08008390   0x00000002   Code   RO         8843    i.__scatterload_null  mc_w.l(handlers.o)
    0x08008392   0x08008392   0x0000000e   Code   RO         8844    i.__scatterload_zeroinit  mc_w.l(handlers.o)
    0x080083a0   0x080083a0   0x00000410   Code   RO         8739    i._printf_core      mc_w.l(printf8.o)
    0x080087b0   0x080087b0   0x00000024   Code   RO         8740    i._printf_post_padding  mc_w.l(printf8.o)
    0x080087d4   0x080087d4   0x0000002e   Code   RO         8741    i._printf_pre_padding  mc_w.l(printf8.o)
    0x08008802   0x08008802   0x0000006a   Code   RO         7769    i._vl53l8cx_poll_for_answer  vl53l8cx_api.o
    0x0800886c   0x0800886c   0x0000015c   Code   RO         7770    i._vl53l8cx_send_offset_data  vl53l8cx_api.o
    0x080089c8   0x080089c8   0x0000010c   Code   RO         7771    i._vl53l8cx_send_xtalk_data  vl53l8cx_api.o
    0x08008ad4   0x08008ad4   0x00000010   Code   RO         8398    i.clear_screen      app_tof.o
    0x08008ae4   0x08008ae4   0x000000fc   Code   RO         8399    i.display_commands_banner  app_tof.o
    0x08008be0   0x08008be0   0x00000018   Code   RO         6824    i.fputc             bsp_usart.o
    0x08008bf8   0x08008bf8   0x00000078   Code   RO         8400    i.handle_cmd        app_tof.o
    0x08008c70   0x08008c70   0x0000011c   Code   RO           16    i.main              main.o
    0x08008d8c   0x08008d8c   0x00000280   Code   RO         8401    i.print_result      app_tof.o
    0x0800900c   0x0800900c   0x00000058   Code   RO         7772    i.vl53l8cx_check_data_ready  vl53l8cx_api.o
    0x08009064   0x08009064   0x000000b8   Code   RO         7773    i.vl53l8cx_dci_read_data  vl53l8cx_api.o
    0x0800911c   0x0800911c   0x00000036   Code   RO         7774    i.vl53l8cx_dci_replace_data  vl53l8cx_api.o
    0x08009152   0x08009152   0x00000002   PAD
    0x08009154   0x08009154   0x000000d4   Code   RO         7775    i.vl53l8cx_dci_write_data  vl53l8cx_api.o
    0x08009228   0x08009228   0x00000044   Code   RO         7778    i.vl53l8cx_get_power_mode  vl53l8cx_api.o
    0x0800926c   0x0800926c   0x0000018c   Code   RO         7779    i.vl53l8cx_get_ranging_data  vl53l8cx_api.o
    0x080093f8   0x080093f8   0x00000024   Code   RO         7782    i.vl53l8cx_get_resolution  vl53l8cx_api.o
    0x0800941c   0x0800941c   0x000000ec   Code   RO         8148    i.vl53l8cx_get_result  vl53l8cx.o
    0x08009508   0x08009508   0x00000550   Code   RO         7785    i.vl53l8cx_init     vl53l8cx_api.o
    0x08009a58   0x08009a58   0x00000048   Code   RO         8149    i.vl53l8cx_poll_for_measurement  vl53l8cx.o
    0x08009aa0   0x08009aa0   0x000000e4   Code   RO         7967    i.vl53l8cx_set_detection_thresholds  vl53l8cx_plugin_detection_thresholds.o
    0x08009b84   0x08009b84   0x00000070   Code   RO         7969    i.vl53l8cx_set_detection_thresholds_enable  vl53l8cx_plugin_detection_thresholds.o
    0x08009bf4   0x08009bf4   0x00000036   Code   RO         7788    i.vl53l8cx_set_i2c_address  vl53l8cx_api.o
    0x08009c2a   0x08009c2a   0x00000038   Code   RO         7789    i.vl53l8cx_set_integration_time_ms  vl53l8cx_api.o
    0x08009c62   0x08009c62   0x00000088   Code   RO         7790    i.vl53l8cx_set_power_mode  vl53l8cx_api.o
    0x08009cea   0x08009cea   0x00000020   Code   RO         7791    i.vl53l8cx_set_ranging_frequency_hz  vl53l8cx_api.o
    0x08009d0a   0x08009d0a   0x0000006a   Code   RO         7792    i.vl53l8cx_set_ranging_mode  vl53l8cx_api.o
    0x08009d74   0x08009d74   0x00000102   Code   RO         7793    i.vl53l8cx_set_resolution  vl53l8cx_api.o
    0x08009e76   0x08009e76   0x00000002   PAD
    0x08009e78   0x08009e78   0x00000180   Code   RO         7796    i.vl53l8cx_start_ranging  vl53l8cx_api.o
    0x08009ff8   0x08009ff8   0x0000010c   Code   RO         7797    i.vl53l8cx_stop_ranging  vl53l8cx_api.o
    0x0800a104   0x0800a104   0x00000008   Data   RO         2132    .constdata          stm32h7xx_hal_dma.o
    0x0800a10c   0x0800a10c   0x00000018   Data   RO         6114    .constdata          stm32h7xx_hal_uart.o
    0x0800a124   0x0800a124   0x00000010   Data   RO         6480    .constdata          stm32h7xx_hal_uart_ex.o
    0x0800a134   0x0800a134   0x00000010   Data   RO         6585    .constdata          system_stm32h7xx.o
    0x0800a144   0x0800a144   0x0001573c   Data   RO         7798    .constdata          vl53l8cx_api.o
    0x0801f880   0x0801f880   0x00000020   Data   RO         8840    Region$$Table       anon$$obj.o


    Execution Region RW_IRAM1 (Exec base: 0x20000000, Load base: 0x0801f8a0, Size: 0x00000000, Max: 0x00020000, ABSOLUTE)

    **** No section assigned to this execution region ****


    Execution Region RW_IRAM2 (Exec base: 0x24000000, Load base: 0x0801f8a0, Size: 0x00003d98, Max: 0x00080000, ABSOLUTE)

    Exec Addr    Load Addr    Size         Type   Attr      Idx    E Section Name        Object

    0x24000000   0x0801f8a0   0x00000008   Data   RW          468    .data               fmc.o
    0x24000008   0x0801f8a8   0x00000004   Data   RW          726    .data               custom_bus.o
    0x2400000c   0x0801f8ac   0x0000000c   Data   RW         3011    .data               stm32h7xx_hal.o
    0x24000018   0x0801f8b8   0x00000008   Data   RW         6586    .data               system_stm32h7xx.o
    0x24000020   0x0801f8c0   0x00000038   Data   RW         8151    .data               vl53l8cx.o
    0x24000058   0x0801f8f8   0x00000004   Data   RW         8277    .data               53l8a1_ranging_sensor.o
    0x2400005c   0x0801f8fc   0x00000004   Data   RW         8403    .data               app_tof.o
    0x24000060   0x0801f900   0x00000001   Data   RW         8404    .data               app_tof.o
    0x24000061   0x0801f901   0x00000003   PAD
    0x24000064   0x0801f904   0x00000004   Data   RW         8505    .data               mc_w.l(stdout.o)
    0x24000068        -       0x00000064   Zero   RW          316    .bss                adc.o
    0x240000cc        -       0x00000024   Zero   RW          358    .bss                crc.o
    0x240000f0        -       0x00000068   Zero   RW          424    .bss                dma2d.o
    0x24000158        -       0x00000034   Zero   RW          467    .bss                fmc.o
    0x2400018c        -       0x000000a8   Zero   RW          518    .bss                ltdc.o
    0x24000234        -       0x00000088   Zero   RW          560    .bss                spi.o
    0x240002bc        -       0x000000e4   Zero   RW          607    .bss                tim.o
    0x240003a0        -       0x00000184   Zero   RW          674    .bss                usart.o
    0x24000524        -       0x00000054   Zero   RW          725    .bss                custom_bus.o
    0x24000578        -       0x000006d0   Zero   RW         8150    .bss                vl53l8cx.o
    0x24000c48        -       0x00001c24   Zero   RW         8276    .bss                53l8a1_ranging_sensor.o
    0x2400286c        -       0x00000528   Zero   RW         8402    .bss                app_tof.o
    0x24002d94   0x0801f908   0x00000004   PAD
    0x24002d98        -       0x00001000   Zero   RW            1    STACK               startup_stm32h750xx.o


==============================================================================

Image component sizes


      Code (inc. data)   RO Data    RW Data    ZI Data      Debug   Object Name

       486         84          0          4       7204      13890   53l8a1_ranging_sensor.o
       244         30          0          0        100       1885   adc.o
      1472        658          0          5       1320       8574   app_tof.o
        16          4          0          0          0        569   app_tof_pin_conf.o
        24          6          0          0          0       2350   bsp_usart.o
        88         18          0          0         36       1675   crc.o
       476         58          0          4         84       5262   custom_bus.o
        60          4          0          0          0        918   dma.o
       132         18          0          0        104       1769   dma2d.o
       328         42          0          8         52       2420   fmc.o
       464         28          0          0          0       1459   gpio.o
       416         30          0          0        168       2094   ltdc.o
       616         28          0          0          0    1424494   main.o
       122          0          0          0          0       4644   platform.o
       272         28          0          0        136       1953   spi.o
        36          8        664          0       4096        840   startup_stm32h750xx.o
       248         48          0         12          0      24140   stm32h7xx_hal.o
      1846        150          0          0          0      68556   stm32h7xx_hal_adc.o
       354         28          0          0          0      41961   stm32h7xx_hal_cortex.o
       120          6          0          0          0       1295   stm32h7xx_hal_crc.o
        84          0          0          0          0       1411   stm32h7xx_hal_crc_ex.o
      4776        180          8          0          0       9867   stm32h7xx_hal_dma.o
       624         16          0          0          0       4542   stm32h7xx_hal_dma2d.o
       958         94          0          0          0       3917   stm32h7xx_hal_gpio.o
      1794         38          0          0          0      15503   stm32h7xx_hal_i2c.o
       172          0          0          0          0       2111   stm32h7xx_hal_i2c_ex.o
      1000          6          0          0          0       5830   stm32h7xx_hal_ltdc.o
        28          6          0          0          0        946   stm32h7xx_hal_msp.o
        84          6          0          0          0        797   stm32h7xx_hal_pwr_ex.o
      2466        102          0          0          0       7216   stm32h7xx_hal_rcc.o
      4776        174          0          0          0      10627   stm32h7xx_hal_rcc_ex.o
       112          4          0          0          0       2541   stm32h7xx_hal_sdram.o
       380         14          0          0          0       1751   stm32h7xx_hal_spi.o
      2836        230          0          0          0      20702   stm32h7xx_hal_tim.o
       170         30          0          0          0       3276   stm32h7xx_hal_tim_ex.o
      2978        138         24          0          0      32579   stm32h7xx_hal_uart.o
       290          6         16          0          0       5566   stm32h7xx_hal_uart_ex.o
       122         48          0          0          0       8497   stm32h7xx_it.o
       282         12          0          0          0       2997   stm32h7xx_ll_fmc.o
       220         40         16          8          0       1518   system_stm32h7xx.o
       612         68          0          0        228       4584   tim.o
       380         34          0          0        388       2116   usart.o
      1288         14          0         56       1744      18115   vl53l8cx.o
      4414        102      87868          0          0      26029   vl53l8cx_api.o
       340         14          0          0          0       4235   vl53l8cx_plugin_detection_thresholds.o

    ----------------------------------------------------------------------
     39056       2652      88628        100      15664    1808021   Object Totals
         0          0         32          0          0          0   (incl. Generated)
        50          0          0          3          4          0   (incl. Padding)

    ----------------------------------------------------------------------

      Code (inc. data)   RO Data    RW Data    ZI Data      Debug   Library Member Name

         0          0          0          0          0          0   entry.o
         0          0          0          0          0          0   entry10a.o
         0          0          0          0          0          0   entry11a.o
         8          4          0          0          0          0   entry2.o
         4          0          0          0          0          0   entry5.o
         0          0          0          0          0          0   entry7b.o
         0          0          0          0          0          0   entry8b.o
         8          4          0          0          0          0   entry9a.o
        30          0          0          0          0          0   handlers.o
        36          8          0          0          0         68   init.o
        30          0          0          0          0         68   llshl.o
        32          0          0          0          0         68   llushr.o
        64          0          0          0          0         76   memmovea.o
        36          0          0          0          0        108   memseta.o
      1154         54          0          0          0        352   printf8.o
         0          0          0          4          0          0   stdout.o
        98          0          0          0          0         92   uldiv.o

    ----------------------------------------------------------------------
      1500         70          0          4          0        832   Library Totals
         0          0          0          0          0          0   (incl. Padding)

    ----------------------------------------------------------------------

      Code (inc. data)   RO Data    RW Data    ZI Data      Debug   Library Name

      1500         70          0          4          0        832   mc_w.l

    ----------------------------------------------------------------------
      1500         70          0          4          0        832   Library Totals

    ----------------------------------------------------------------------

==============================================================================


      Code (inc. data)   RO Data    RW Data    ZI Data      Debug   

     40556       2722      88628        104      15664    1784493   Grand Totals
     40556       2722      88628        104      15664    1784493   ELF Image Totals
     40556       2722      88628        104          0          0   ROM Totals

==============================================================================

    Total RO  Size (Code + RO Data)               129184 ( 126.16kB)
    Total RW  Size (RW Data + ZI Data)             15768 (  15.40kB)
    Total ROM Size (Code + RO Data + RW Data)     129288 ( 126.26kB)

==============================================================================

